Archive member included to satisfy reference by file (symbol)

/usr/lib/gcc/arm-none-eabi/6.3.1/thumb/v6-m/libgcc.a(_dvmd_tls.o)
                              CMakeFiles/adc_console.dir/home/preston/Documents/GoodeGpio-Stick/pico/pico-sdk/src/rp2_common/pico_divider/divider.S.obj (__aeabi_idiv0)
/usr/lib/gcc/arm-none-eabi/6.3.1/../../../arm-none-eabi/lib/thumb/v6-m/libc.a(lib_a-atexit.o)
                              /usr/lib/gcc/arm-none-eabi/6.3.1/../../../arm-none-eabi/lib/thumb/v6-m/crt0.o (atexit)
/usr/lib/gcc/arm-none-eabi/6.3.1/../../../arm-none-eabi/lib/thumb/v6-m/libc.a(lib_a-calloc.o)
                              CMakeFiles/adc_console.dir/home/preston/Documents/GoodeGpio-Stick/pico/pico-sdk/src/rp2_common/pico_malloc/pico_malloc.c.obj (calloc)
/usr/lib/gcc/arm-none-eabi/6.3.1/../../../arm-none-eabi/lib/thumb/v6-m/libc.a(lib_a-callocr.o)
                              /usr/lib/gcc/arm-none-eabi/6.3.1/../../../arm-none-eabi/lib/thumb/v6-m/libc.a(lib_a-calloc.o) (_calloc_r)
/usr/lib/gcc/arm-none-eabi/6.3.1/../../../arm-none-eabi/lib/thumb/v6-m/libc.a(lib_a-fini.o)
                              /usr/lib/gcc/arm-none-eabi/6.3.1/../../../arm-none-eabi/lib/thumb/v6-m/crt0.o (__libc_fini_array)
/usr/lib/gcc/arm-none-eabi/6.3.1/../../../arm-none-eabi/lib/thumb/v6-m/libc.a(lib_a-impure.o)
                              CMakeFiles/adc_console.dir/adc_console.c.obj (_impure_ptr)
/usr/lib/gcc/arm-none-eabi/6.3.1/../../../arm-none-eabi/lib/thumb/v6-m/libc.a(lib_a-init.o)
                              /usr/lib/gcc/arm-none-eabi/6.3.1/../../../arm-none-eabi/lib/thumb/v6-m/crt0.o (__libc_init_array)
/usr/lib/gcc/arm-none-eabi/6.3.1/../../../arm-none-eabi/lib/thumb/v6-m/libc.a(lib_a-malloc.o)
                              CMakeFiles/adc_console.dir/home/preston/Documents/GoodeGpio-Stick/pico/pico-sdk/src/rp2_common/pico_malloc/pico_malloc.c.obj (malloc)
/usr/lib/gcc/arm-none-eabi/6.3.1/../../../arm-none-eabi/lib/thumb/v6-m/libc.a(lib_a-mallocr.o)
                              /usr/lib/gcc/arm-none-eabi/6.3.1/../../../arm-none-eabi/lib/thumb/v6-m/libc.a(lib_a-callocr.o) (_malloc_r)
/usr/lib/gcc/arm-none-eabi/6.3.1/../../../arm-none-eabi/lib/thumb/v6-m/libc.a(lib_a-mlock.o)
                              /usr/lib/gcc/arm-none-eabi/6.3.1/../../../arm-none-eabi/lib/thumb/v6-m/libc.a(lib_a-mallocr.o) (__malloc_lock)
/usr/lib/gcc/arm-none-eabi/6.3.1/../../../arm-none-eabi/lib/thumb/v6-m/libc.a(lib_a-rget.o)
                              CMakeFiles/adc_console.dir/adc_console.c.obj (__srget_r)
/usr/lib/gcc/arm-none-eabi/6.3.1/../../../arm-none-eabi/lib/thumb/v6-m/libc.a(lib_a-sbrkr.o)
                              /usr/lib/gcc/arm-none-eabi/6.3.1/../../../arm-none-eabi/lib/thumb/v6-m/libc.a(lib_a-mallocr.o) (_sbrk_r)
/usr/lib/gcc/arm-none-eabi/6.3.1/../../../arm-none-eabi/lib/thumb/v6-m/libc.a(lib_a-strlen-stub.o)
                              CMakeFiles/adc_console.dir/home/preston/Documents/GoodeGpio-Stick/pico/pico-sdk/src/rp2_common/pico_stdio/stdio.c.obj (strlen)
/usr/lib/gcc/arm-none-eabi/6.3.1/../../../arm-none-eabi/lib/thumb/v6-m/libc.a(lib_a-wbuf.o)
                              CMakeFiles/adc_console.dir/home/preston/Documents/GoodeGpio-Stick/pico/pico-sdk/src/common/pico_util/pheap.c.obj (__swbuf_r)
/usr/lib/gcc/arm-none-eabi/6.3.1/../../../arm-none-eabi/lib/thumb/v6-m/libc.a(lib_a-wsetup.o)
                              /usr/lib/gcc/arm-none-eabi/6.3.1/../../../arm-none-eabi/lib/thumb/v6-m/libc.a(lib_a-wbuf.o) (__swsetup_r)
/usr/lib/gcc/arm-none-eabi/6.3.1/../../../arm-none-eabi/lib/thumb/v6-m/libc.a(lib_a-__atexit.o)
                              /usr/lib/gcc/arm-none-eabi/6.3.1/../../../arm-none-eabi/lib/thumb/v6-m/libc.a(lib_a-atexit.o) (__register_exitproc)
/usr/lib/gcc/arm-none-eabi/6.3.1/../../../arm-none-eabi/lib/thumb/v6-m/libc.a(lib_a-fflush.o)
                              /usr/lib/gcc/arm-none-eabi/6.3.1/../../../arm-none-eabi/lib/thumb/v6-m/libc.a(lib_a-wbuf.o) (_fflush_r)
/usr/lib/gcc/arm-none-eabi/6.3.1/../../../arm-none-eabi/lib/thumb/v6-m/libc.a(lib_a-findfp.o)
                              /usr/lib/gcc/arm-none-eabi/6.3.1/../../../arm-none-eabi/lib/thumb/v6-m/libc.a(lib_a-rget.o) (__sinit)
/usr/lib/gcc/arm-none-eabi/6.3.1/../../../arm-none-eabi/lib/thumb/v6-m/libc.a(lib_a-freer.o)
                              /usr/lib/gcc/arm-none-eabi/6.3.1/../../../arm-none-eabi/lib/thumb/v6-m/libc.a(lib_a-malloc.o) (_free_r)
/usr/lib/gcc/arm-none-eabi/6.3.1/../../../arm-none-eabi/lib/thumb/v6-m/libc.a(lib_a-fwalk.o)
                              /usr/lib/gcc/arm-none-eabi/6.3.1/../../../arm-none-eabi/lib/thumb/v6-m/libc.a(lib_a-findfp.o) (_fwalk)
/usr/lib/gcc/arm-none-eabi/6.3.1/../../../arm-none-eabi/lib/thumb/v6-m/libc.a(lib_a-makebuf.o)
                              /usr/lib/gcc/arm-none-eabi/6.3.1/../../../arm-none-eabi/lib/thumb/v6-m/libc.a(lib_a-wsetup.o) (__smakebuf_r)
/usr/lib/gcc/arm-none-eabi/6.3.1/../../../arm-none-eabi/lib/thumb/v6-m/libc.a(lib_a-reent.o)
[...]
Memory Configuration

Name             Origin             Length             Attributes
FLASH            0x0000000010000000 0x0000000000200000 xr
RAM              0x0000000020000000 0x0000000000040000 xrw
SCRATCH_X        0x0000000020040000 0x0000000000001000 xrw
SCRATCH_Y        0x0000000020041000 0x0000000000001000 xrw
*default*        0x0000000000000000 0xffffffffffffffff

Linker script and memory map

LOAD /usr/lib/gcc/arm-none-eabi/6.3.1/thumb/v6-m/crti.o
LOAD /usr/lib/gcc/arm-none-eabi/6.3.1/thumb/v6-m/crtbegin.o
LOAD /usr/lib/gcc/arm-none-eabi/6.3.1/../../../arm-none-eabi/lib/thumb/v6-m/crt0.o

.flash_begin    0x0000000010000000        0x0
                0x0000000010000000                __flash_binary_start = .

.boot2          0x0000000010000000      0x100
                0x0000000010000000                __boot2_start__ = .
 *(.boot2)
 .boot2         0x0000000010000000      0x100 /tmp/cc5pKMEh.o
                0x0000000010000100                __boot2_end__ = .
                0x0000000000000001                ASSERT (((__boot2_end__ - __boot2_start__) == 0x100), ERROR: Pico second stage bootloader must be 256 bytes in size)

.text           0x0000000010000100     0x5cf0
                0x0000000010000100                __logical_binary_start = .
 *(.vectors)
 .vectors       0x0000000010000100       0xd4 CMakeFiles/adc_console.dir/home/preston/Documents/GoodeGpio-Stick/pico/pico-sdk/src/rp2_common/pico_standard_link/crt0.S.obj
                0x0000000010000100                __vectors
                0x0000000010000100                __VECTOR_TABLE
                0x00000000100001c0                isr_invalid
                0x00000000100001c0                __default_isrs_start
                0x00000000100001c2                isr_nmi
                0x00000000100001c4                isr_hardfault
                0x00000000100001c6                isr_svcall
                0x00000000100001c8                isr_pendsv
                0x00000000100001ca                isr_systick
                0x00000000100001cc                isr_irq30
                0x00000000100001cc                __unhandled_user_irq
                0x00000000100001cc                isr_irq13
                0x00000000100001cc                isr_irq27
                0x00000000100001cc                isr_irq31
                0x00000000100001cc                isr_irq5
                0x00000000100001cc                isr_irq11
                0x00000000100001cc                isr_irq23
                0x00000000100001cc                isr_irq18
                0x00000000100001cc                isr_irq28
                0x00000000100001cc                isr_irq19
                0x00000000100001cc                isr_irq0
                0x00000000100001cc                isr_irq6
                0x00000000100001cc                isr_irq22
                0x00000000100001cc                isr_irq17
                0x00000000100001cc                isr_irq14
                0x00000000100001cc                isr_irq2
                0x00000000100001cc                isr_irq10
                0x00000000100001cc                isr_irq8
                0x00000000100001cc                isr_irq24
                0x00000000100001cc                isr_irq1
                0x00000000100001cc                isr_irq7
                0x00000000100001cc                isr_irq21
                0x00000000100001cc                isr_irq20
                0x00000000100001cc                isr_irq15
                0x00000000100001cc                isr_irq25
                0x00000000100001cc                isr_irq4
                0x00000000100001cc                isr_irq16
                0x00000000100001cc                isr_irq29
                0x00000000100001cc                isr_irq26
                0x00000000100001cc                __default_isrs_end
                0x00000000100001cc                isr_irq3
                0x00000000100001cc                isr_irq12
                0x00000000100001cc                isr_irq9
                0x00000000100001d2                unhandled_user_irq_num_in_r0
 *(.binary_info_header)
 .binary_info_header
                0x00000000100001d4       0x14 CMakeFiles/adc_console.dir/home/preston/Documents/GoodeGpio-Stick/pico/pico-sdk/src/rp2_common/pico_standard_link/crt0.S.obj
                0x00000000100001e8                __binary_info_header_end = .
 *(.reset)
 .reset         0x00000000100001e8       0xa8 CMakeFiles/adc_console.dir/home/preston/Documents/GoodeGpio-Stick/pico/pico-sdk/src/rp2_common/pico_standard_link/crt0.S.obj
                0x00000000100001e8                _entry_point
                0x0000000010000266                __get_current_exception
 .reset         0x0000000010000290       0x30 CMakeFiles/adc_console.dir/home/preston/Documents/GoodeGpio-Stick/pico/pico-sdk/src/rp2_common/pico_standard_link/binary_info.c.obj
 *(.init)
 .init          0x00000000100002c0        0x4 /usr/lib/gcc/arm-none-eabi/6.3.1/thumb/v6-m/crti.o
                0x00000000100002c0                _init
 *(EXCLUDE_FILE(*libm.a: *libc.a:*lib_a-mem*.o *libgcc.a:) .text*)
 .text          0x00000000100002c4       0xb4 /usr/lib/gcc/arm-none-eabi/6.3.1/thumb/v6-m/crtbegin.o
 .text.printhelp
                0x0000000010000378       0x38 CMakeFiles/adc_console.dir/adc_console.c.obj
                0x0000000010000378                printhelp
 .text.startup.main
                0x00000000100003b0      0x2e0 CMakeFiles/adc_console.dir/adc_console.c.obj
                0x00000000100003b0                main
 .text.gpio_set_function
                0x0000000010000690       0x30 CMakeFiles/adc_console.dir/home/preston/Documents/GoodeGpio-Stick/pico/pico-sdk/src/rp2_common/hardware_gpio/gpio.c.obj
                0x0000000010000690                gpio_set_function
 .text.gpio_set_pulls
                0x00000000100006c0       0x34 CMakeFiles/adc_console.dir/home/preston/Documents/GoodeGpio-Stick/pico/pico-sdk/src/rp2_common/hardware_gpio/gpio.c.obj
                0x00000000100006c0                gpio_set_pulls
 .text.gpio_set_input_enabled
                0x00000000100006f4       0x28 CMakeFiles/adc_console.dir/home/preston/Documents/GoodeGpio-Stick/pico/pico-sdk/src/rp2_common/hardware_gpio/gpio.c.obj
                0x00000000100006f4                gpio_set_input_enabled
 .text.hw_claim_or_assert
                0x000000001000071c       0x44 CMakeFiles/adc_console.dir/home/preston/Documents/GoodeGpio-Stick/pico/pico-sdk/src/rp2_common/hardware_claim/claim.c.obj
                0x000000001000071c                hw_claim_or_assert
 .text.running_on_fpga
                0x0000000010000760       0x10 CMakeFiles/adc_console.dir/home/preston/Documents/GoodeGpio-Stick/pico/pico-sdk/src/rp2_common/pico_platform/platform.c.obj
                0x0000000010000760                running_on_fpga
 .text.spin_locks_reset
                0x0000000010000770       0x1c CMakeFiles/adc_console.dir/home/preston/Documents/GoodeGpio-Stick/pico/pico-sdk/src/rp2_common/hardware_sync/sync.c.obj
                0x0000000010000770                spin_locks_reset
 .text.next_striped_spin_lock_num
                0x000000001000078c       0x18 CMakeFiles/adc_console.dir/home/preston/Documents/GoodeGpio-Stick/pico/pico-sdk/src/rp2_common/hardware_sync/sync.c.obj
                0x000000001000078c                next_striped_spin_lock_num
 .text.uart_init
                0x00000000100007a4       0xe4 CMakeFiles/adc_console.dir/home/preston/Documents/GoodeGpio-Stick/pico/pico-sdk/src/rp2_common/hardware_uart/uart.c.obj
                0x00000000100007a4                uart_init
 .text.timer_pool_entry_comparator
                0x0000000010000888       0x34 CMakeFiles/adc_console.dir/home/preston/Documents/GoodeGpio-Stick/pico/pico-sdk/src/common/pico_time/time.c.obj
                0x0000000010000888                timer_pool_entry_comparator
 .text.add_alarm_under_lock
                0x00000000100008bc      0x124 CMakeFiles/adc_console.dir/home/preston/Documents/GoodeGpio-Stick/pico/pico-sdk/src/common/pico_time/time.c.obj
 .text.alarm_pool_alarm_callback
                0x00000000100009e0      0x1dc CMakeFiles/adc_console.dir/home/preston/Documents/GoodeGpio-Stick/pico/pico-sdk/src/common/pico_time/time.c.obj
 .text.alarm_pool_init_default
                0x0000000010000bbc       0x64 CMakeFiles/adc_console.dir/home/preston/Documents/GoodeGpio-Stick/pico/pico-sdk/src/common/pico_time/time.c.obj
                0x0000000010000bbc                alarm_pool_init_default
 .text.hardware_alarm_irq_handler
                0x0000000010000c20       0xa0 CMakeFiles/adc_console.dir/home/preston/Documents/GoodeGpio-Stick/pico/pico-sdk/src/rp2_common/hardware_timer/timer.c.obj
 .text.hardware_alarm_claim
                0x0000000010000cc0       0x18 CMakeFiles/adc_console.dir/home/preston/Documents/GoodeGpio-Stick/pico/pico-sdk/src/rp2_common/hardware_timer/timer.c.obj
                0x0000000010000cc0                hardware_alarm_claim
 .text.time_us_64
                0x0000000010000cd8       0x18 CMakeFiles/adc_console.dir/home/preston/Documents/GoodeGpio-Stick/pico/pico-sdk/src/rp2_common/hardware_timer/timer.c.obj
                0x0000000010000cd8                time_us_64
 .text.busy_wait_us
                0x0000000010000cf0       0x54 CMakeFiles/adc_console.dir/home/preston/Documents/GoodeGpio-Stick/pico/pico-sdk/src/rp2_common/hardware_timer/timer.c.obj
                0x0000000010000cf0                busy_wait_us
 .text.hardware_alarm_set_callback
                0x0000000010000d44       0x8c CMakeFiles/adc_console.dir/home/preston/Documents/GoodeGpio-Stick/pico/pico-sdk/src/rp2_common/hardware_timer/timer.c.obj
                0x0000000010000d44                hardware_alarm_set_callback
 .text.hardware_alarm_set_target
                0x0000000010000dd0       0xdc CMakeFiles/adc_console.dir/home/preston/Documents/GoodeGpio-Stick/pico/pico-sdk/src/rp2_common/hardware_timer/timer.c.obj
                0x0000000010000dd0                hardware_alarm_set_target
 .text.hardware_alarm_cancel
                0x0000000010000eac       0x40 CMakeFiles/adc_console.dir/home/preston/Documents/GoodeGpio-Stick/pico/pico-sdk/src/rp2_common/hardware_timer/timer.c.obj
                0x0000000010000eac                hardware_alarm_cancel
 .text.lock_init
                0x0000000010000eec       0x10 CMakeFiles/adc_console.dir/home/preston/Documents/GoodeGpio-Stick/pico/pico-sdk/src/common/pico_sync/lock_core.c.obj
                0x0000000010000eec                lock_init
 .text.mutex_init
                0x0000000010000efc       0x1c CMakeFiles/adc_console.dir/home/preston/Documents/GoodeGpio-Stick/pico/pico-sdk/src/common/pico_sync/mutex.c.obj
                0x0000000010000efc                mutex_init
 .text.recursive_mutex_init
                0x0000000010000f18       0x20 CMakeFiles/adc_console.dir/home/preston/Documents/GoodeGpio-Stick/pico/pico-sdk/src/common/pico_sync/mutex.c.obj
                0x0000000010000f18                recursive_mutex_init
 .text.ph_merge_two_pass.part.3
                0x0000000010000f38      0x18c CMakeFiles/adc_console.dir/home/preston/Documents/GoodeGpio-Stick/pico/pico-sdk/src/common/pico_util/pheap.c.obj
 .text.ph_post_alloc_init
                0x00000000100010c4       0x3c CMakeFiles/adc_console.dir/home/preston/Documents/GoodeGpio-Stick/pico/pico-sdk/src/common/pico_util/pheap.c.obj
                0x00000000100010c4                ph_post_alloc_init
 .text.ph_remove_head
                0x0000000010001100      0x158 CMakeFiles/adc_console.dir/home/preston/Documents/GoodeGpio-Stick/pico/pico-sdk/src/common/pico_util/pheap.c.obj
                0x0000000010001100                ph_remove_head
 .text.ph_remove_and_free_node
                0x0000000010001258      0x254 CMakeFiles/adc_console.dir/home/preston/Documents/GoodeGpio-Stick/pico/pico-sdk/src/common/pico_util/pheap.c.obj
                0x0000000010001258                ph_remove_and_free_node
 .text.runtime_init
                0x00000000100014ac       0xf4 CMakeFiles/adc_console.dir/home/preston/Documents/GoodeGpio-Stick/pico/pico-sdk/src/rp2_common/pico_runtime/runtime.c.obj
                0x00000000100014ac                runtime_init
 .text._sbrk    0x00000000100015a0       0x34 CMakeFiles/adc_console.dir/home/preston/Documents/GoodeGpio-Stick/pico/pico-sdk/src/rp2_common/pico_runtime/runtime.c.obj
                0x00000000100015a0                _sbrk
 .text.exit     0x00000000100015d4        0x4 CMakeFiles/adc_console.dir/home/preston/Documents/GoodeGpio-Stick/pico/pico-sdk/src/rp2_common/pico_runtime/runtime.c.obj
                0x00000000100015d4                exit
 .text.panic    0x00000000100015d8       0x30 CMakeFiles/adc_console.dir/home/preston/Documents/GoodeGpio-Stick/pico/pico-sdk/src/rp2_common/pico_runtime/runtime.c.obj
                0x00000000100015d8                panic
 .text.hard_assertion_failure
                0x0000000010001608        0xc CMakeFiles/adc_console.dir/home/preston/Documents/GoodeGpio-Stick/pico/pico-sdk/src/rp2_common/pico_runtime/runtime.c.obj
                0x0000000010001608                hard_assertion_failure
 .text.clocks_init
                0x0000000010001614      0x2c8 CMakeFiles/adc_console.dir/home/preston/Documents/GoodeGpio-Stick/pico/pico-sdk/src/rp2_common/hardware_clocks/clocks.c.obj
                0x0000000010001614                clocks_init
 .text.clock_get_hz
                0x00000000100018dc        0xc CMakeFiles/adc_console.dir/home/preston/Documents/GoodeGpio-Stick/pico/pico-sdk/src/rp2_common/hardware_clocks/clocks.c.obj
                0x00000000100018dc                clock_get_hz
 .text.irq_set_enabled
                0x00000000100018e8       0x24 CMakeFiles/adc_console.dir/home/preston/Documents/GoodeGpio-Stick/pico/pico-sdk/src/rp2_common/hardware_irq/irq.c.obj
                0x00000000100018e8                irq_set_enabled
 .text.irq_get_vtable_handler
                0x000000001000190c       0x10 CMakeFiles/adc_console.dir/home/preston/Documents/GoodeGpio-Stick/pico/pico-sdk/src/rp2_common/hardware_irq/irq.c.obj
                0x000000001000190c                irq_get_vtable_handler
 .text.irq_set_exclusive_handler
                0x000000001000191c       0x54 CMakeFiles/adc_console.dir/home/preston/Documents/GoodeGpio-Stick/pico/pico-sdk/src/rp2_common/hardware_irq/irq.c.obj
                0x000000001000191c                irq_set_exclusive_handler
 .text.irq_remove_handler
                0x0000000010001970      0x1bc CMakeFiles/adc_console.dir/home/preston/Documents/GoodeGpio-Stick/pico/pico-sdk/src/rp2_common/hardware_irq/irq.c.obj
                0x0000000010001970                irq_remove_handler
 .text.irq_add_tail_to_free_list
                0x0000000010001b2c       0xb4 CMakeFiles/adc_console.dir/home/preston/Documents/GoodeGpio-Stick/pico/pico-sdk/src/rp2_common/hardware_irq/irq.c.obj
                0x0000000010001b2c                irq_add_tail_to_free_list
 .text.irq_init_priorities
                0x0000000010001be0       0x48 CMakeFiles/adc_console.dir/home/preston/Documents/GoodeGpio-Stick/pico/pico-sdk/src/rp2_common/hardware_irq/irq.c.obj
                0x0000000010001be0                irq_init_priorities
 .text.pll_init
                0x0000000010001c28       0x98 CMakeFiles/adc_console.dir/home/preston/Documents/GoodeGpio-Stick/pico/pico-sdk/src/rp2_common/hardware_pll/pll.c.obj
                0x0000000010001c28                pll_init
 .text.watchdog_start_tick
                0x0000000010001cc0       0x10 CMakeFiles/adc_console.dir/home/preston/Documents/GoodeGpio-Stick/pico/pico-sdk/src/rp2_common/hardware_watchdog/watchdog.c.obj
                0x0000000010001cc0                watchdog_start_tick
 .text.xosc_init
                0x0000000010001cd0       0x28 CMakeFiles/adc_console.dir/home/preston/Documents/GoodeGpio-Stick/pico/pico-sdk/src/rp2_common/hardware_xosc/xosc.c.obj
                0x0000000010001cd0                xosc_init
 .text._out_null
                0x0000000010001cf8        0x4 CMakeFiles/adc_console.dir/home/preston/Documents/GoodeGpio-Stick/pico/pico-sdk/src/rp2_common/pico_printf/printf.c.obj
 .text._out_fct
                0x0000000010001cfc       0x10 CMakeFiles/adc_console.dir/home/preston/Documents/GoodeGpio-Stick/pico/pico-sdk/src/rp2_common/pico_printf/printf.c.obj
 .text._out_char
                0x0000000010001d0c       0x3c CMakeFiles/adc_console.dir/home/preston/Documents/GoodeGpio-Stick/pico/pico-sdk/src/rp2_common/pico_printf/printf.c.obj
 .text._ntoa_format
                0x0000000010001d48      0x214 CMakeFiles/adc_console.dir/home/preston/Documents/GoodeGpio-Stick/pico/pico-sdk/src/rp2_common/pico_printf/printf.c.obj
 .text._ftoa    0x0000000010001f5c      0x6c4 CMakeFiles/adc_console.dir/home/preston/Documents/GoodeGpio-Stick/pico/pico-sdk/src/rp2_common/pico_printf/printf.c.obj
 .text._etoa.part.1
                0x0000000010002620      0x3e0 CMakeFiles/adc_console.dir/home/preston/Documents/GoodeGpio-Stick/pico/pico-sdk/src/rp2_common/pico_printf/printf.c.obj
 .text._vsnprintf
                0x0000000010002a00      0xb30 CMakeFiles/adc_console.dir/home/preston/Documents/GoodeGpio-Stick/pico/pico-sdk/src/rp2_common/pico_printf/printf.c.obj
 .text.vfctprintf
                0x0000000010003530       0x20 CMakeFiles/adc_console.dir/home/preston/Documents/GoodeGpio-Stick/pico/pico-sdk/src/rp2_common/pico_printf/printf.c.obj
                0x0000000010003530                vfctprintf
 .text.weak_raw_vprintf
                0x0000000010003550       0x30 CMakeFiles/adc_console.dir/home/preston/Documents/GoodeGpio-Stick/pico/pico-sdk/src/rp2_common/pico_printf/printf.c.obj
                0x0000000010003550                weak_raw_vprintf
 .text          0x0000000010003580       0x10 CMakeFiles/adc_console.dir/home/preston/Documents/GoodeGpio-Stick/pico/pico-sdk/src/rp2_common/pico_bit_ops/bit_ops_aeabi.S.obj
 .text.rom_func_lookup
                0x0000000010003590       0x10 CMakeFiles/adc_console.dir/home/preston/Documents/GoodeGpio-Stick/pico/pico-sdk/src/rp2_common/pico_bootrom/bootrom.c.obj
                0x0000000010003590                rom_func_lookup
 .text.rom_data_lookup
                0x00000000100035a0       0x10 CMakeFiles/adc_console.dir/home/preston/Documents/GoodeGpio-Stick/pico/pico-sdk/src/rp2_common/pico_bootrom/bootrom.c.obj
                0x00000000100035a0                rom_data_lookup
 .text.rom_funcs_lookup
                0x00000000100035b0       0x44 CMakeFiles/adc_console.dir/home/preston/Documents/GoodeGpio-Stick/pico/pico-sdk/src/rp2_common/pico_bootrom/bootrom.c.obj
                0x00000000100035b0                rom_funcs_lookup
 .text.__wrap___aeabi_idiv
                0x00000000100035f4       0x50 CMakeFiles/adc_console.dir/home/preston/Documents/GoodeGpio-Stick/pico/pico-sdk/src/rp2_common/pico_divider/divider.S.obj
                0x00000000100035f4                __wrap___aeabi_idivmod
                0x00000000100035f4                divmod_s32s32
                0x00000000100035f4                div_s32s32
                0x00000000100035f4                __wrap___aeabi_idiv
                0x00000000100035fc                divmod_s32s32_unsafe
                0x0000000010003628                divmod_s32s32_savestate
 .text.__wrap___aeabi_uidiv
                0x0000000010003644       0x4c CMakeFiles/adc_console.dir/home/preston/Documents/GoodeGpio-Stick/pico/pico-sdk/src/rp2_common/pico_divider/divider.S.obj
                0x0000000010003644                __wrap___aeabi_uidiv
                0x0000000010003644                __wrap___aeabi_uidivmod
                0x0000000010003644                div_u32u32
                0x0000000010003644                divmod_u32u32
                0x000000001000364c                divmod_u32u32_unsafe
                0x0000000010003674                divmod_u32u32_savestate
 .text.__wrap___aeabi_ldiv
                0x0000000010003690      0x434 CMakeFiles/adc_console.dir/home/preston/Documents/GoodeGpio-Stick/pico/pico-sdk/src/rp2_common/pico_divider/divider.S.obj
                0x0000000010003690                div_s64s64
                0x0000000010003690                divmod_s64s64
                0x0000000010003690                __wrap___aeabi_ldivmod
                0x00000000100036c8                div_u64u64
                0x00000000100036c8                divmod_u64u64
                0x00000000100036c8                __wrap___aeabi_uldivmod
                0x00000000100036d8                divmod_u64u64_savestate
                0x0000000010003700                divmod_s64s64_unsafe
                0x0000000010003788                divmod_u64u64_unsafe
 .text.__wrap___aeabi_darithmetic
                0x0000000010003ac4       0x80 CMakeFiles/adc_console.dir/home/preston/Documents/GoodeGpio-Stick/pico/pico-sdk/src/rp2_common/pico_double/double_aeabi.S.obj
                0x0000000010003ac4                __wrap___aeabi_drsub
                0x0000000010003aca                __wrap___aeabi_dsub
                0x0000000010003adc                __wrap___aeabi_dadd
                0x0000000010003aee                __wrap___aeabi_ddiv
                0x0000000010003b2a                __wrap___aeabi_dmul
 .text.__wrap___aeabi_cdcmple
                0x0000000010003b44       0x6c CMakeFiles/adc_console.dir/home/preston/Documents/GoodeGpio-Stick/pico/pico-sdk/src/rp2_common/pico_double/double_aeabi.S.obj
                0x0000000010003b44                __wrap___aeabi_cdrcmple
                0x0000000010003b54                __wrap___aeabi_cdcmple
                0x0000000010003b54                __wrap___aeabi_cdcmpeq
 .text.__wrap___aeabi_dcmplt
                0x0000000010003bb0        0xc CMakeFiles/adc_console.dir/home/preston/Documents/GoodeGpio-Stick/pico/pico-sdk/src/rp2_common/pico_double/double_aeabi.S.obj
                0x0000000010003bb0                __wrap___aeabi_dcmplt
 .text.__wrap___aeabi_dcmpge
                0x0000000010003bbc       0x10 CMakeFiles/adc_console.dir/home/preston/Documents/GoodeGpio-Stick/pico/pico-sdk/src/rp2_common/pico_double/double_aeabi.S.obj
                0x0000000010003bbc                __wrap___aeabi_dcmpge
 .text.__wrap___aeabi_dcmpgt
                0x0000000010003bcc        0xa CMakeFiles/adc_console.dir/home/preston/Documents/GoodeGpio-Stick/pico/pico-sdk/src/rp2_common/pico_double/double_aeabi.S.obj
                0x0000000010003bcc                __wrap___aeabi_dcmpgt
 .text.__wrap___aeabi_dcmpun
                0x0000000010003bd6       0x1c CMakeFiles/adc_console.dir/home/preston/Documents/GoodeGpio-Stick/pico/pico-sdk/src/rp2_common/pico_double/double_aeabi.S.obj
                0x0000000010003bd6                __wrap___aeabi_dcmpun
 *fill*         0x0000000010003bf2        0x2 
 .text.__wrap___aeabi_i2d
                0x0000000010003bf4       0x38 CMakeFiles/adc_console.dir/home/preston/Documents/GoodeGpio-Stick/pico/pico-sdk/src/rp2_common/pico_double/double_aeabi.S.obj
                0x0000000010003bf4                __wrap___aeabi_ui2d
                0x0000000010003bfc                __wrap___aeabi_i2d
 .text.__wrap___aeabi_d2iz
                0x0000000010003c2c       0x48 CMakeFiles/adc_console.dir/home/preston/Documents/GoodeGpio-Stick/pico/pico-sdk/src/rp2_common/pico_double/double_aeabi.S.obj
                0x0000000010003c2c                __wrap___aeabi_d2iz
                0x0000000010003c2c                double2int_z
 .text.__wrap___aeabi_d2uiz
                0x0000000010003c74       0x18 CMakeFiles/adc_console.dir/home/preston/Documents/GoodeGpio-Stick/pico/pico-sdk/src/rp2_common/pico_double/double_aeabi.S.obj
                0x0000000010003c74                double2uint
                0x0000000010003c74                __wrap___aeabi_d2uiz
 .text.__aeabi_double_init
                0x0000000010003c8c       0x60 CMakeFiles/adc_console.dir/home/preston/Documents/GoodeGpio-Stick/pico/pico-sdk/src/rp2_common/pico_double/double_init_rom.c.obj
                0x0000000010003c8c                __aeabi_double_init
 .text.double_table_shim_on_use_helper
                0x0000000010003cec       0x2c CMakeFiles/adc_console.dir/home/preston/Documents/GoodeGpio-Stick/pico/pico-sdk/src/rp2_common/pico_double/double_v1_rom_shim.S.obj
                0x0000000010003cec                double_table_shim_on_use_helper
 .text.__wrap___aeabi_dsub
                0x0000000010003d18       0x10 CMakeFiles/adc_console.dir/home/preston/Documents/GoodeGpio-Stick/pico/pico-sdk/src/rp2_common/pico_double/double_v1_rom_shim.S.obj
                0x0000000010003d18                drsub_shim
                0x0000000010003d1e                dsub_shim
 .text.dadd_shim
                0x0000000010003d28      0x15c CMakeFiles/adc_console.dir/home/preston/Documents/GoodeGpio-Stick/pico/pico-sdk/src/rp2_common/pico_double/double_v1_rom_shim.S.obj
                0x0000000010003d28                dadd_shim
 .text.dmul_shim
                0x0000000010003e84      0x15c CMakeFiles/adc_console.dir/home/preston/Documents/GoodeGpio-Stick/pico/pico-sdk/src/rp2_common/pico_double/double_v1_rom_shim.S.obj
                0x0000000010003e84                dmul_shim
 .text.ddiv_shim
                0x0000000010003fe0      0x1b0 CMakeFiles/adc_console.dir/home/preston/Documents/GoodeGpio-Stick/pico/pico-sdk/src/rp2_common/pico_double/double_v1_rom_shim.S.obj
                0x0000000010003fe0                ddiv_shim
 .text.double2uint_shim
                0x0000000010004190        0xe CMakeFiles/adc_console.dir/home/preston/Documents/GoodeGpio-Stick/pico/pico-sdk/src/rp2_common/pico_double/double_v1_rom_shim.S.obj
                0x0000000010004190                double2uint_shim
                0x0000000010004192                double2ufix_shim
 *fill*         0x000000001000419e        0x2 
 .text.double2uint64_shim
                0x00000000100041a0       0x70 CMakeFiles/adc_console.dir/home/preston/Documents/GoodeGpio-Stick/pico/pico-sdk/src/rp2_common/pico_double/double_v1_rom_shim.S.obj
                0x00000000100041a0                double2uint64_shim
                0x00000000100041a2                double2ufix64_shim
                0x00000000100041c2                d2fix_a
 .text.dunpacks
                0x0000000010004210       0x3c CMakeFiles/adc_console.dir/home/preston/Documents/GoodeGpio-Stick/pico/pico-sdk/src/rp2_common/pico_double/double_v1_rom_shim.S.obj
                0x0000000010004210                dunpacks
 .text.__wrap___aeabi_farithmetic
                0x000000001000424c       0x48 CMakeFiles/adc_console.dir/home/preston/Documents/GoodeGpio-Stick/pico/pico-sdk/src/rp2_common/pico_float/float_aeabi.S.obj
                0x000000001000424c                __wrap___aeabi_frsub
                0x0000000010004252                __wrap___aeabi_fsub
                0x0000000010004258                __wrap___aeabi_fadd
                0x000000001000425e                __wrap___aeabi_fdiv
                0x0000000010004286                __wrap___aeabi_fmul
 .text.__wrap___aeabi_ui2f
                0x0000000010004294        0xa CMakeFiles/adc_console.dir/home/preston/Documents/GoodeGpio-Stick/pico/pico-sdk/src/rp2_common/pico_float/float_aeabi.S.obj
                0x0000000010004294                __wrap___aeabi_ui2f
 *fill*         0x000000001000429e        0x2 
 .text.__wrap___aeabi_i2f
                0x00000000100042a0       0x44 CMakeFiles/adc_console.dir/home/preston/Documents/GoodeGpio-Stick/pico/pico-sdk/src/rp2_common/pico_float/float_aeabi.S.obj
                0x00000000100042a0                __wrap___aeabi_i2f
 .text.__wrap___aeabi_f2d
                0x00000000100042e4       0x14 CMakeFiles/adc_console.dir/home/preston/Documents/GoodeGpio-Stick/pico/pico-sdk/src/rp2_common/pico_float/float_aeabi.S.obj
                0x00000000100042e4                __wrap___aeabi_f2d
 .text.__aeabi_float_init
                0x00000000100042f8       0x68 CMakeFiles/adc_console.dir/home/preston/Documents/GoodeGpio-Stick/pico/pico-sdk/src/rp2_common/pico_float/float_init_rom.c.obj
                0x00000000100042f8                __aeabi_float_init
 .text.float_table_shim_on_use_helper
                0x0000000010004360       0x2c CMakeFiles/adc_console.dir/home/preston/Documents/GoodeGpio-Stick/pico/pico-sdk/src/rp2_common/pico_float/float_v1_rom_shim.S.obj
                0x0000000010004360                float_table_shim_on_use_helper
 .text.float2double_shim
                0x000000001000438c       0x30 CMakeFiles/adc_console.dir/home/preston/Documents/GoodeGpio-Stick/pico/pico-sdk/src/rp2_common/pico_float/float_v1_rom_shim.S.obj
                0x000000001000438c                float2double_shim
 .text          0x00000000100043bc       0x10 CMakeFiles/adc_console.dir/home/preston/Documents/GoodeGpio-Stick/pico/pico-sdk/src/rp2_common/pico_mem_ops/mem_ops_aeabi.S.obj
                0x00000000100043bc                __aeabi_mem_init
 .text.memset   0x00000000100043cc        0xc CMakeFiles/adc_console.dir/home/preston/Documents/GoodeGpio-Stick/pico/pico-sdk/src/rp2_common/pico_mem_ops/mem_ops_aeabi.S.obj
                0x00000000100043cc                __wrap_memset
 .text.memcpy   0x00000000100043d8        0xc CMakeFiles/adc_console.dir/home/preston/Documents/GoodeGpio-Stick/pico/pico-sdk/src/rp2_common/pico_mem_ops/mem_ops_aeabi.S.obj
                0x00000000100043d8                __wrap___aeabi_memcpy
                0x00000000100043d8                __wrap_memcpy
 .text.stdio_out_chars_crlf
                0x00000000100043e4       0xbc CMakeFiles/adc_console.dir/home/preston/Documents/GoodeGpio-Stick/pico/pico-sdk/src/rp2_common/pico_stdio/stdio.c.obj
 .text.stdio_buffered_printer
                0x00000000100044a0       0x64 CMakeFiles/adc_console.dir/home/preston/Documents/GoodeGpio-Stick/pico/pico-sdk/src/rp2_common/pico_stdio/stdio.c.obj
 .text.__wrap_putchar
                0x0000000010004504       0x98 CMakeFiles/adc_console.dir/home/preston/Documents/GoodeGpio-Stick/pico/pico-sdk/src/rp2_common/pico_stdio/stdio.c.obj
                0x0000000010004504                __wrap_putchar
 .text.__wrap_puts
                0x000000001000459c       0xdc CMakeFiles/adc_console.dir/home/preston/Documents/GoodeGpio-Stick/pico/pico-sdk/src/rp2_common/pico_stdio/stdio.c.obj
                0x000000001000459c                __wrap_puts
 .text._read    0x0000000010004678       0x8c CMakeFiles/adc_console.dir/home/preston/Documents/GoodeGpio-Stick/pico/pico-sdk/src/rp2_common/pico_stdio/stdio.c.obj
                0x0000000010004678                _read
 .text._write   0x0000000010004704       0xa8 CMakeFiles/adc_console.dir/home/preston/Documents/GoodeGpio-Stick/pico/pico-sdk/src/rp2_common/pico_stdio/stdio.c.obj
                0x0000000010004704                _write
 .text.stdio_set_driver_enabled
                0x00000000100047ac       0x3c CMakeFiles/adc_console.dir/home/preston/Documents/GoodeGpio-Stick/pico/pico-sdk/src/rp2_common/pico_stdio/stdio.c.obj
                0x00000000100047ac                stdio_set_driver_enabled
 .text.__wrap_vprintf
                0x00000000100047e8       0xd0 CMakeFiles/adc_console.dir/home/preston/Documents/GoodeGpio-Stick/pico/pico-sdk/src/rp2_common/pico_stdio/stdio.c.obj
                0x00000000100047e8                __wrap_vprintf
 .text.__wrap_printf
                0x00000000100048b8       0x18 CMakeFiles/adc_console.dir/home/preston/Documents/GoodeGpio-Stick/pico/pico-sdk/src/rp2_common/pico_stdio/stdio.c.obj
                0x00000000100048b8                __wrap_printf
 .text.stdio_init_all
                0x00000000100048d0        0x8 CMakeFiles/adc_console.dir/home/preston/Documents/GoodeGpio-Stick/pico/pico-sdk/src/rp2_common/pico_stdio/stdio.c.obj
                0x00000000100048d0                stdio_init_all
 .text.getchar_timeout_us
                0x00000000100048d8       0x98 CMakeFiles/adc_console.dir/home/preston/Documents/GoodeGpio-Stick/pico/pico-sdk/src/rp2_common/pico_stdio/stdio.c.obj
                0x00000000100048d8                getchar_timeout_us
 .text.stdio_uart_out_chars
                0x0000000010004970       0x4c CMakeFiles/adc_console.dir/home/preston/Documents/GoodeGpio-Stick/pico/pico-sdk/src/rp2_common/pico_stdio_uart/stdio_uart.c.obj
 .text.stdio_uart_in_chars
                0x00000000100049bc       0x3c CMakeFiles/adc_console.dir/home/preston/Documents/GoodeGpio-Stick/pico/pico-sdk/src/rp2_common/pico_stdio_uart/stdio_uart.c.obj
                0x00000000100049bc                stdio_uart_in_chars
 .text.stdio_uart_init
                0x00000000100049f8       0x48 CMakeFiles/adc_console.dir/home/preston/Documents/GoodeGpio-Stick/pico/pico-sdk/src/rp2_common/pico_stdio_uart/stdio_uart.c.obj
                0x00000000100049f8                stdio_uart_init
 .text.adc_init
                0x0000000010004a40       0x38 CMakeFiles/adc_console.dir/home/preston/Documents/GoodeGpio-Stick/pico/pico-sdk/src/rp2_common/hardware_adc/adc.c.obj
                0x0000000010004a40                adc_init
 .text          0x0000000010004a78      0x558 /usr/lib/gcc/arm-none-eabi/6.3.1/../../../arm-none-eabi/lib/thumb/v6-m/libc.a(lib_a-mallocr.o)
                0x0000000010004a78                _malloc_r
 .text          0x0000000010004fd0        0x8 /usr/lib/gcc/arm-none-eabi/6.3.1/../../../arm-none-eabi/lib/thumb/v6-m/libc.a(lib_a-mlock.o)
                0x0000000010004fd0                __malloc_lock
                0x0000000010004fd4                __malloc_unlock
 .text          0x0000000010004fd8       0x4c /usr/lib/gcc/arm-none-eabi/6.3.1/../../../arm-none-eabi/lib/thumb/v6-m/libc.a(lib_a-rget.o)
                0x0000000010004fd8                __srget_r
                0x0000000010005010                __srget
 .text          0x0000000010005024       0x24 /usr/lib/gcc/arm-none-eabi/6.3.1/../../../arm-none-eabi/lib/thumb/v6-m/libc.a(lib_a-sbrkr.o)
                0x0000000010005024                _sbrk_r
 .text          0x0000000010005048       0x64 /usr/lib/gcc/arm-none-eabi/6.3.1/../../../arm-none-eabi/lib/thumb/v6-m/libc.a(lib_a-strlen-stub.o)
                0x0000000010005048                strlen
 .text          0x00000000100050ac       0xd4 /usr/lib/gcc/arm-none-eabi/6.3.1/../../../arm-none-eabi/lib/thumb/v6-m/libc.a(lib_a-wbuf.o)
                0x00000000100050ac                __swbuf_r
                0x0000000010005168                __swbuf
 .text          0x0000000010005180       0xd4 /usr/lib/gcc/arm-none-eabi/6.3.1/../../../arm-none-eabi/lib/thumb/v6-m/libc.a(lib_a-wsetup.o)
                0x0000000010005180                __swsetup_r
 .text          0x0000000010005254      0x1a4 /usr/lib/gcc/arm-none-eabi/6.3.1/../../../arm-none-eabi/lib/thumb/v6-m/libc.a(lib_a-fflush.o)
                0x0000000010005254                __sflush_r
                0x00000000100053a4                _fflush_r
                0x00000000100053d0                fflush
 .text          0x00000000100053f8      0x22c /usr/lib/gcc/arm-none-eabi/6.3.1/../../../arm-none-eabi/lib/thumb/v6-m/libc.a(lib_a-findfp.o)
                0x00000000100053fc                _cleanup_r
                0x0000000010005500                __sfmoreglue
                0x0000000010005530                __sfp
                0x00000000100055bc                _cleanup
                0x00000000100055d4                __sinit
                0x00000000100055e4                __sfp_lock_acquire
                0x00000000100055e8                __sfp_lock_release
                0x00000000100055ec                __sinit_lock_acquire
                0x00000000100055f0                __sinit_lock_release
                0x00000000100055f4                __fp_lock_all
                0x000000001000560c                __fp_unlock_all
 .text          0x0000000010005624      0x25c /usr/lib/gcc/arm-none-eabi/6.3.1/../../../arm-none-eabi/lib/thumb/v6-m/libc.a(lib_a-freer.o)
                0x0000000010005624                _malloc_trim_r
                0x00000000100056c4                _free_r
 .text          0x0000000010005880       0x90 /usr/lib/gcc/arm-none-eabi/6.3.1/../../../arm-none-eabi/lib/thumb/v6-m/libc.a(lib_a-fwalk.o)
                0x0000000010005880                _fwalk
                0x00000000100058c4                _fwalk_reent
 .text          0x0000000010005910       0xe8 /usr/lib/gcc/arm-none-eabi/6.3.1/../../../arm-none-eabi/lib/thumb/v6-m/libc.a(lib_a-makebuf.o)
                0x0000000010005910                __swhatbuf_r
                0x0000000010005970                __smakebuf_r
 .text          0x00000000100059f8      0x138 /usr/lib/gcc/arm-none-eabi/6.3.1/../../../arm-none-eabi/lib/thumb/v6-m/libc.a(lib_a-refill.o)
                0x0000000010005a14                __srefill_r
 .text          0x0000000010005b30       0xa0 /usr/lib/gcc/arm-none-eabi/6.3.1/../../../arm-none-eabi/lib/thumb/v6-m/libc.a(lib_a-stdio.o)
                0x0000000010005b30                __sread
                0x0000000010005b58                __seofread
                0x0000000010005b5c                __swrite
                0x0000000010005b98                __sseek
                0x0000000010005bc4                __sclose
 .text          0x0000000010005bd0       0x28 /usr/lib/gcc/arm-none-eabi/6.3.1/../../../arm-none-eabi/lib/thumb/v6-m/libc.a(lib_a-writer.o)
                0x0000000010005bd0                _write_r
 .text          0x0000000010005bf8       0x24 /usr/lib/gcc/arm-none-eabi/6.3.1/../../../arm-none-eabi/lib/thumb/v6-m/libc.a(lib_a-closer.o)
                0x0000000010005bf8                _close_r
 .text          0x0000000010005c1c       0xa0 /usr/lib/gcc/arm-none-eabi/6.3.1/../../../arm-none-eabi/lib/thumb/v6-m/libc.a(lib_a-fclose.o)
                0x0000000010005c1c                _fclose_r
                0x0000000010005ca8                fclose
 .text          0x0000000010005cbc       0x28 /usr/lib/gcc/arm-none-eabi/6.3.1/../../../arm-none-eabi/lib/thumb/v6-m/libc.a(lib_a-fstatr.o)
                0x0000000010005cbc                _fstat_r
 .text          0x0000000010005ce4       0x24 /usr/lib/gcc/arm-none-eabi/6.3.1/../../../arm-none-eabi/lib/thumb/v6-m/libc.a(lib_a-isattyr.o)
                0x0000000010005ce4                _isatty_r
 .text          0x0000000010005d08       0x28 /usr/lib/gcc/arm-none-eabi/6.3.1/../../../arm-none-eabi/lib/thumb/v6-m/libc.a(lib_a-lseekr.o)
                0x0000000010005d08                _lseek_r
 .text          0x0000000010005d30       0x28 /usr/lib/gcc/arm-none-eabi/6.3.1/../../../arm-none-eabi/lib/thumb/v6-m/libc.a(lib_a-readr.o)
                0x0000000010005d30                _read_r
 .text          0x0000000010005d58       0x10 /usr/lib/gcc/arm-none-eabi/6.3.1/../../../arm-none-eabi/lib/thumb/v6-m/libnosys.a(close.o)
                0x0000000010005d58                _close
 .text          0x0000000010005d68       0x10 /usr/lib/gcc/arm-none-eabi/6.3.1/../../../arm-none-eabi/lib/thumb/v6-m/libnosys.a(fstat.o)
                0x0000000010005d68                _fstat
 .text          0x0000000010005d78       0x10 /usr/lib/gcc/arm-none-eabi/6.3.1/../../../arm-none-eabi/lib/thumb/v6-m/libnosys.a(isatty.o)
                0x0000000010005d78                _isatty
 .text          0x0000000010005d88       0x10 /usr/lib/gcc/arm-none-eabi/6.3.1/../../../arm-none-eabi/lib/thumb/v6-m/libnosys.a(lseek.o)
                0x0000000010005d88                _lseek
 *(.fini)
 .fini          0x0000000010005d98        0x4 /usr/lib/gcc/arm-none-eabi/6.3.1/thumb/v6-m/crti.o
                0x0000000010005d98                _fini
 *fill*         0x0000000010005d9c        0x4 
 .fini.__stub   0x0000000010005da0       0x50 linker stubs
 *crtbegin.o(.ctors)
 *crtbegin?.o(.ctors)
 *(EXCLUDE_FILE(*crtend.o *crtend?.o) .ctors)
 *(SORT(.ctors.*))
 *(.ctors)
 *crtbegin.o(.dtors)
 *crtbegin?.o(.dtors)
 *(EXCLUDE_FILE(*crtend.o *crtend?.o) .dtors)
 *(SORT(.dtors.*))
 *(.dtors)
 *(.eh_frame*)
 .eh_frame      0x0000000010005df0        0x0 /usr/lib/gcc/arm-none-eabi/6.3.1/thumb/v6-m/crtbegin.o
                0x0000000010005df0                . = ALIGN (0x4)

.glue_7         0x0000000010005df0        0x0
 .glue_7        0x0000000010005df0        0x0 linker stubs

.glue_7t        0x0000000010005df0        0x0
 .glue_7t       0x0000000010005df0        0x0 linker stubs

.vfp11_veneer   0x0000000010005df0        0x0
 .vfp11_veneer  0x0000000010005df0        0x0 linker stubs

.v4_bx          0x0000000010005df0        0x0
 .v4_bx         0x0000000010005df0        0x0 linker stubs

.iplt           0x0000000010005df0        0x0
 .iplt          0x0000000010005df0        0x0 /usr/lib/gcc/arm-none-eabi/6.3.1/thumb/v6-m/crtbegin.o

.rodata         0x0000000010005df0      0x504
 *(EXCLUDE_FILE(*libm.a: *libc.a:*lib_a-mem*.o *libgcc.a:) .rodata*)
 .rodata.main.str1.4
                0x0000000010005df0      0x10f CMakeFiles/adc_console.dir/adc_console.c.obj
                                        0x113 (size before relaxing)
 *fill*         0x0000000010005eff        0x1 
 .rodata.printhelp.str1.4
                0x0000000010005f00       0x5c CMakeFiles/adc_console.dir/adc_console.c.obj
 *fill*         0x0000000010005f5c        0x4 
 .rodata.at_the_end_of_time
                0x0000000010005f60        0x8 CMakeFiles/adc_console.dir/home/preston/Documents/GoodeGpio-Stick/pico/pico-sdk/src/common/pico_time/time.c.obj
                0x0000000010005f60                at_the_end_of_time
 .rodata.hardware_alarm_claim.str1.4
                0x0000000010005f68       0x22 CMakeFiles/adc_console.dir/home/preston/Documents/GoodeGpio-Stick/pico/pico-sdk/src/rp2_common/hardware_timer/timer.c.obj
 *fill*         0x0000000010005f8a        0x2 
 .rodata.hard_assertion_failure.str1.4
                0x0000000010005f8c        0xc CMakeFiles/adc_console.dir/home/preston/Documents/GoodeGpio-Stick/pico/pico-sdk/src/rp2_common/pico_runtime/runtime.c.obj
 .rodata.panic.str1.4
                0x0000000010005f98       0x10 CMakeFiles/adc_console.dir/home/preston/Documents/GoodeGpio-Stick/pico/pico-sdk/src/rp2_common/pico_runtime/runtime.c.obj
                                         0x12 (size before relaxing)
 .rodata._vsnprintf
                0x0000000010005fa8      0x1e0 CMakeFiles/adc_console.dir/home/preston/Documents/GoodeGpio-Stick/pico/pico-sdk/src/rp2_common/pico_printf/printf.c.obj
 .rodata._ftoa.str1.4
                0x0000000010006188       0x15 CMakeFiles/adc_console.dir/home/preston/Documents/GoodeGpio-Stick/pico/pico-sdk/src/rp2_common/pico_printf/printf.c.obj
 *fill*         0x000000001000619d        0x3 
 .rodata.pow10.5356
                0x00000000100061a0       0x50 CMakeFiles/adc_console.dir/home/preston/Documents/GoodeGpio-Stick/pico/pico-sdk/src/rp2_common/pico_printf/printf.c.obj
 .rodata.__bi_44
                0x00000000100061f0        0xc CMakeFiles/adc_console.dir/home/preston/Documents/GoodeGpio-Stick/pico/pico-sdk/src/rp2_common/pico_standard_link/binary_info.c.obj
 .rodata.__bi_69
                0x00000000100061fc        0xc CMakeFiles/adc_console.dir/home/preston/Documents/GoodeGpio-Stick/pico/pico-sdk/src/rp2_common/pico_standard_link/binary_info.c.obj
 .rodata.__bi_75
                0x0000000010006208        0xc CMakeFiles/adc_console.dir/home/preston/Documents/GoodeGpio-Stick/pico/pico-sdk/src/rp2_common/pico_standard_link/binary_info.c.obj
 .rodata.__bi_81
                0x0000000010006214        0xc CMakeFiles/adc_console.dir/home/preston/Documents/GoodeGpio-Stick/pico/pico-sdk/src/rp2_common/pico_standard_link/binary_info.c.obj
 .rodata.str1.4
                0x0000000010006220       0x88 CMakeFiles/adc_console.dir/home/preston/Documents/GoodeGpio-Stick/pico/pico-sdk/src/rp2_common/pico_standard_link/binary_info.c.obj
 .rodata.crlf_str.5936
                0x00000000100062a8        0x2 CMakeFiles/adc_console.dir/home/preston/Documents/GoodeGpio-Stick/pico/pico-sdk/src/rp2_common/pico_stdio/stdio.c.obj
 *fill*         0x00000000100062aa        0x2 
 .rodata.__bi_28.4722
                0x00000000100062ac        0xc CMakeFiles/adc_console.dir/home/preston/Documents/GoodeGpio-Stick/pico/pico-sdk/src/rp2_common/pico_stdio_uart/stdio_uart.c.obj
 .rodata.__bi_29.4726
                0x00000000100062b8        0x8 CMakeFiles/adc_console.dir/home/preston/Documents/GoodeGpio-Stick/pico/pico-sdk/src/rp2_common/pico_stdio_uart/stdio_uart.c.obj
 .rodata.str1.4
                0x00000000100062c0       0x2c CMakeFiles/adc_console.dir/home/preston/Documents/GoodeGpio-Stick/pico/pico-sdk/src/rp2_common/pico_stdio_uart/stdio_uart.c.obj
 .rodata        0x00000000100062ec        0x4 /usr/lib/gcc/arm-none-eabi/6.3.1/../../../arm-none-eabi/lib/thumb/v6-m/libc.a(lib_a-impure.o)
                0x00000000100062ec                _global_impure_ptr
 .rodata.str1.4
                0x00000000100062f0        0x4 /usr/lib/gcc/arm-none-eabi/6.3.1/../../../arm-none-eabi/lib/thumb/v6-m/libc.a(lib_a-impure.o)
                                          0x2 (size before relaxing)
                0x00000000100062f4                . = ALIGN (0x4)
 *(SORT(.flashdata*))
                0x00000000100062f4                . = ALIGN (0x4)

.rel.dyn        0x00000000100062f4        0x0
 .rel.iplt      0x00000000100062f4        0x0 /usr/lib/gcc/arm-none-eabi/6.3.1/thumb/v6-m/crtbegin.o

.ARM.extab
 *(.ARM.extab* .gnu.linkonce.armextab.*)
                0x00000000100062f4                __exidx_start = .

.ARM.exidx
 *(.ARM.exidx* .gnu.linkonce.armexidx.*)
                0x00000000100062f4                __exidx_end = .
                0x00000000100062f4                . = ALIGN (0x4)
                0x00000000100062f4                __binary_info_start = .

.binary_info    0x00000000100062f4       0x28
 *(.binary_info.keep.*)
 .binary_info.keep.__bi_ptr22
                0x00000000100062f4        0x4 CMakeFiles/adc_console.dir/home/preston/Documents/GoodeGpio-Stick/pico/pico-sdk/src/rp2_common/pico_standard_link/binary_info.c.obj
 .binary_info.keep.__bi_ptr30
                0x00000000100062f8        0x4 CMakeFiles/adc_console.dir/home/preston/Documents/GoodeGpio-Stick/pico/pico-sdk/src/rp2_common/pico_standard_link/binary_info.c.obj
 .binary_info.keep.__bi_ptr38
                0x00000000100062fc        0x4 CMakeFiles/adc_console.dir/home/preston/Documents/GoodeGpio-Stick/pico/pico-sdk/src/rp2_common/pico_standard_link/binary_info.c.obj
 .binary_info.keep.__bi_ptr44
                0x0000000010006300        0x4 CMakeFiles/adc_console.dir/home/preston/Documents/GoodeGpio-Stick/pico/pico-sdk/src/rp2_common/pico_standard_link/binary_info.c.obj
 .binary_info.keep.__bi_ptr50
                0x0000000010006304        0x4 CMakeFiles/adc_console.dir/home/preston/Documents/GoodeGpio-Stick/pico/pico-sdk/src/rp2_common/pico_standard_link/binary_info.c.obj
 .binary_info.keep.__bi_ptr69
                0x0000000010006308        0x4 CMakeFiles/adc_console.dir/home/preston/Documents/GoodeGpio-Stick/pico/pico-sdk/src/rp2_common/pico_standard_link/binary_info.c.obj
 .binary_info.keep.__bi_ptr75
                0x000000001000630c        0x4 CMakeFiles/adc_console.dir/home/preston/Documents/GoodeGpio-Stick/pico/pico-sdk/src/rp2_common/pico_standard_link/binary_info.c.obj
 .binary_info.keep.__bi_ptr81
                0x0000000010006310        0x4 CMakeFiles/adc_console.dir/home/preston/Documents/GoodeGpio-Stick/pico/pico-sdk/src/rp2_common/pico_standard_link/binary_info.c.obj
 *(.binary_info.*)
 .binary_info.__bi_ptr28
                0x0000000010006314        0x4 CMakeFiles/adc_console.dir/home/preston/Documents/GoodeGpio-Stick/pico/pico-sdk/src/rp2_common/pico_stdio_uart/stdio_uart.c.obj
 .binary_info.__bi_ptr29
                0x0000000010006318        0x4 CMakeFiles/adc_console.dir/home/preston/Documents/GoodeGpio-Stick/pico/pico-sdk/src/rp2_common/pico_stdio_uart/stdio_uart.c.obj
                0x000000001000631c                __binary_info_end = .
                0x000000001000631c                . = ALIGN (0x4)
                0x000000001000631c                __etext = .

.ram_vector_table
                0x0000000020000000       0xc0
 *(.ram_vector_table)
 .ram_vector_table
                0x0000000020000000       0xc0 CMakeFiles/adc_console.dir/home/preston/Documents/GoodeGpio-Stick/pico/pico-sdk/src/rp2_common/pico_runtime/runtime.c.obj
                0x0000000020000000                ram_vector_table

.data           0x00000000200000c0      0x9c4 load address 0x000000001000631c
                0x00000000200000c0                __data_start__ = .
 *(vtable)
 *(.time_critical*)
 .time_critical.mutex_enter_blocking
                0x00000000200000c0       0x48 CMakeFiles/adc_console.dir/home/preston/Documents/GoodeGpio-Stick/pico/pico-sdk/src/common/pico_sync/mutex.c.obj
                0x00000000200000c0                mutex_enter_blocking
 .time_critical.mutex_try_enter
                0x0000000020000108       0x48 CMakeFiles/adc_console.dir/home/preston/Documents/GoodeGpio-Stick/pico/pico-sdk/src/common/pico_sync/mutex.c.obj
                0x0000000020000108                mutex_try_enter
 .time_critical.mutex_exit
                0x0000000020000150       0x28 CMakeFiles/adc_console.dir/home/preston/Documents/GoodeGpio-Stick/pico/pico-sdk/src/common/pico_sync/mutex.c.obj
                0x0000000020000150                mutex_exit
 *(.text*)
 .text          0x0000000020000178        0x4 /usr/lib/gcc/arm-none-eabi/6.3.1/thumb/v6-m/libgcc.a(_dvmd_tls.o)
                0x0000000020000178                __aeabi_ldiv0
                0x0000000020000178                __aeabi_idiv0
                0x000000002000017c                . = ALIGN (0x4)
 *(.rodata*)
                0x000000002000017c                . = ALIGN (0x4)
 *(.data*)
 .data.striped_spin_lock_num
                0x000000002000017c        0x1 CMakeFiles/adc_console.dir/home/preston/Documents/GoodeGpio-Stick/pico/pico-sdk/src/rp2_common/hardware_sync/sync.c.obj
 *fill*         0x000000002000017d        0x3 
 .data.default_alarm_pool
                0x0000000020000180       0x18 CMakeFiles/adc_console.dir/home/preston/Documents/GoodeGpio-Stick/pico/pico-sdk/src/common/pico_time/time.c.obj
 .data.default_alarm_pool_heap
                0x0000000020000198       0x10 CMakeFiles/adc_console.dir/home/preston/Documents/GoodeGpio-Stick/pico/pico-sdk/src/common/pico_time/time.c.obj
 .data          0x00000000200001a8       0x48 CMakeFiles/adc_console.dir/home/preston/Documents/GoodeGpio-Stick/pico/pico-sdk/src/rp2_common/hardware_irq/irq_handler_chain.S.obj
                0x00000000200001a8                irq_handler_chain_slots
                0x00000000200001d8                irq_handler_chain_first_slot
                0x00000000200001e2                irq_handler_chain_remove_tail
 .data.aeabi_bits_funcs
                0x00000000200001f0       0x10 CMakeFiles/adc_console.dir/home/preston/Documents/GoodeGpio-Stick/pico/pico-sdk/src/rp2_common/pico_bit_ops/bit_ops_aeabi.S.obj
                0x00000000200001f0                aeabi_bits_funcs
                0x0000000020000200                aeabi_bits_funcs_end
 .data.aeabi_mem_funcs
                0x0000000020000200       0x10 CMakeFiles/adc_console.dir/home/preston/Documents/GoodeGpio-Stick/pico/pico-sdk/src/rp2_common/pico_mem_ops/mem_ops_aeabi.S.obj
                0x0000000020000200                aeabi_mem_funcs
                0x0000000020000210                aeabi_mem_funcs_end
 .data.stdio_uart
                0x0000000020000210       0x14 CMakeFiles/adc_console.dir/home/preston/Documents/GoodeGpio-Stick/pico/pico-sdk/src/rp2_common/pico_stdio_uart/stdio_uart.c.obj
                0x0000000020000210                stdio_uart
 *fill*         0x0000000020000224        0x4 
 .data          0x0000000020000228      0x430 /usr/lib/gcc/arm-none-eabi/6.3.1/../../../arm-none-eabi/lib/thumb/v6-m/libc.a(lib_a-impure.o)
                0x0000000020000228                _impure_ptr
 .data          0x0000000020000658      0x410 /usr/lib/gcc/arm-none-eabi/6.3.1/../../../arm-none-eabi/lib/thumb/v6-m/libc.a(lib_a-mallocr.o)
                0x0000000020000658                __malloc_av_
                0x0000000020000a60                __malloc_sbrk_base
                0x0000000020000a64                __malloc_trim_threshold
                0x0000000020000a68                . = ALIGN (0x4)
 *(.after_data.*)
                0x0000000020000a68                . = ALIGN (0x4)
                0x0000000020000a68                PROVIDE (__mutex_array_start, .)
 *(SORT(.mutex_array.*))
 *(.mutex_array)
 .mutex_array   0x0000000020000a68        0x8 CMakeFiles/adc_console.dir/home/preston/Documents/GoodeGpio-Stick/pico/pico-sdk/src/rp2_common/pico_stdio/stdio.c.obj
                0x0000000020000a70                PROVIDE (__mutex_array_end, .)
                0x0000000020000a70                . = ALIGN (0x4)
                0x0000000020000a70                PROVIDE (__preinit_array_start, .)
 *(SORT(.preinit_array.*))
 .preinit_array.00001
                0x0000000020000a70        0x4 CMakeFiles/adc_console.dir/home/preston/Documents/GoodeGpio-Stick/pico/pico-sdk/src/rp2_common/pico_mem_ops/mem_ops_aeabi.S.obj
 .preinit_array.00010
                0x0000000020000a74        0x4 CMakeFiles/adc_console.dir/home/preston/Documents/GoodeGpio-Stick/pico/pico-sdk/src/rp2_common/pico_bit_ops/bit_ops_aeabi.S.obj
 .preinit_array.00020
                0x0000000020000a78        0x4 CMakeFiles/adc_console.dir/home/preston/Documents/GoodeGpio-Stick/pico/pico-sdk/src/rp2_common/pico_double/double_aeabi.S.obj
 .preinit_array.00020
                0x0000000020000a7c        0x4 CMakeFiles/adc_console.dir/home/preston/Documents/GoodeGpio-Stick/pico/pico-sdk/src/rp2_common/pico_float/float_aeabi.S.obj
 *(.preinit_array)
                0x0000000020000a80                PROVIDE (__preinit_array_end, .)
                0x0000000020000a80                . = ALIGN (0x4)
                0x0000000020000a80                PROVIDE (__init_array_start, .)
 *(SORT(.init_array.*))
 *(.init_array)
 .init_array    0x0000000020000a80        0x4 /usr/lib/gcc/arm-none-eabi/6.3.1/thumb/v6-m/crtbegin.o
                0x0000000020000a84                PROVIDE (__init_array_end, .)
                0x0000000020000a84                . = ALIGN (0x4)
                0x0000000020000a84                PROVIDE (__fini_array_start, .)
 *(SORT(.fini_array.*))
 *(.fini_array)
                0x0000000020000a84                PROVIDE (__fini_array_end, .)
 *(.jcr)
 .jcr           0x0000000020000a84        0x0 /usr/lib/gcc/arm-none-eabi/6.3.1/thumb/v6-m/crtbegin.o
                0x0000000020000a84                . = ALIGN (0x4)
                0x0000000020000a84                __data_end__ = .

.tm_clone_table
                0x0000000020000a84        0x0 load address 0x0000000010006ce0
 .tm_clone_table
                0x0000000020000a84        0x0 /usr/lib/gcc/arm-none-eabi/6.3.1/thumb/v6-m/crtbegin.o
 .tm_clone_table
                0x0000000020000a84        0x0 /usr/lib/gcc/arm-none-eabi/6.3.1/thumb/v6-m/crtend.o

.igot.plt       0x0000000020000a84        0x0 load address 0x0000000010006ce0
 .igot.plt      0x0000000020000a84        0x0 /usr/lib/gcc/arm-none-eabi/6.3.1/thumb/v6-m/crtbegin.o

.uninitialized_data
                0x0000000020000a84        0x0 load address 0x0000000010006ce0
                0x0000000020000a84                . = ALIGN (0x4)
 *(.uninitialized_data*)

.scratch_x      0x0000000020040000        0x0 load address 0x0000000010006ce0
                0x0000000020040000                __scratch_x_start__ = .
 *(.scratch_x.*)
                0x0000000020040000                . = ALIGN (0x4)
                0x0000000020040000                __scratch_x_end__ = .
                0x0000000010006ce0                __scratch_x_source__ = LOADADDR (.scratch_x)

.scratch_y      0x0000000020041000        0x0 load address 0x0000000010006ce0
                0x0000000020041000                __scratch_y_start__ = .
 *(.scratch_y.*)
                0x0000000020041000                . = ALIGN (0x4)
                0x0000000020041000                __scratch_y_end__ = .
                0x0000000010006ce0                __scratch_y_source__ = LOADADDR (.scratch_y)

.bss            0x0000000020000a88      0xbe0
                0x0000000020000a88                . = ALIGN (0x4)
                0x0000000020000a88                __bss_start__ = .
 *(SORT(.bss*))
 .bss.default_alarm_pool_entries
                0x0000000020000a88      0x100 CMakeFiles/adc_console.dir/home/preston/Documents/GoodeGpio-Stick/pico/pico-sdk/src/common/pico_time/time.c.obj
 .bss           0x0000000020000b88       0x1c /usr/lib/gcc/arm-none-eabi/6.3.1/thumb/v6-m/crtbegin.o
 .bss           0x0000000020000ba4       0x34 /usr/lib/gcc/arm-none-eabi/6.3.1/../../../arm-none-eabi/lib/thumb/v6-m/libc.a(lib_a-mallocr.o)
                0x0000000020000ba4                __malloc_top_pad
                0x0000000020000ba8                __malloc_current_mallinfo
                0x0000000020000bd0                __malloc_max_sbrked_mem
                0x0000000020000bd4                __malloc_max_total_mem
 .bss.alarm_callbacks
                0x0000000020000bd8       0x10 CMakeFiles/adc_console.dir/home/preston/Documents/GoodeGpio-Stick/pico/pico-sdk/src/rp2_common/hardware_timer/timer.c.obj
 .bss.configured_freq
                0x0000000020000be8       0x28 CMakeFiles/adc_console.dir/home/preston/Documents/GoodeGpio-Stick/pico/pico-sdk/src/rp2_common/hardware_clocks/clocks.c.obj
 .bss.default_alarm_pool_entry_ids_high
                0x0000000020000c10       0x10 CMakeFiles/adc_console.dir/home/preston/Documents/GoodeGpio-Stick/pico/pico-sdk/src/common/pico_time/time.c.obj
 .bss.default_alarm_pool_heap_nodes
                0x0000000020000c20       0x30 CMakeFiles/adc_console.dir/home/preston/Documents/GoodeGpio-Stick/pico/pico-sdk/src/common/pico_time/time.c.obj
 .bss.drivers   0x0000000020000c50        0x4 CMakeFiles/adc_console.dir/home/preston/Documents/GoodeGpio-Stick/pico/pico-sdk/src/rp2_common/pico_stdio/stdio.c.obj
 .bss.filter    0x0000000020000c54        0x4 CMakeFiles/adc_console.dir/home/preston/Documents/GoodeGpio-Stick/pico/pico-sdk/src/rp2_common/pico_stdio/stdio.c.obj
 .bss.heap_end.5767
                0x0000000020000c58        0x4 CMakeFiles/adc_console.dir/home/preston/Documents/GoodeGpio-Stick/pico/pico-sdk/src/rp2_common/pico_runtime/runtime.c.obj
 .bss.lazy_vsnprintf
                0x0000000020000c5c        0x4 CMakeFiles/adc_console.dir/home/preston/Documents/GoodeGpio-Stick/pico/pico-sdk/src/rp2_common/pico_printf/printf.c.obj
 .bss.pools     0x0000000020000c60       0x10 CMakeFiles/adc_console.dir/home/preston/Documents/GoodeGpio-Stick/pico/pico-sdk/src/common/pico_time/time.c.obj
 .bss.sf_clz_func
                0x0000000020000c70        0x4 CMakeFiles/adc_console.dir/home/preston/Documents/GoodeGpio-Stick/pico/pico-sdk/src/rp2_common/pico_double/double_init_rom.c.obj
                0x0000000020000c70                sf_clz_func
 .bss.sleep_notifier
                0x0000000020000c74        0x4 CMakeFiles/adc_console.dir/home/preston/Documents/GoodeGpio-Stick/pico/pico-sdk/src/common/pico_time/time.c.obj
 .bss.target_hi
                0x0000000020000c78       0x10 CMakeFiles/adc_console.dir/home/preston/Documents/GoodeGpio-Stick/pico/pico-sdk/src/rp2_common/hardware_timer/timer.c.obj
 .bss.uart_instance
                0x0000000020000c88        0x4 CMakeFiles/adc_console.dir/home/preston/Documents/GoodeGpio-Stick/pico/pico-sdk/src/rp2_common/pico_stdio_uart/stdio_uart.c.obj
 .bss.claimed   0x0000000020000c8c        0x1 CMakeFiles/adc_console.dir/home/preston/Documents/GoodeGpio-Stick/pico/pico-sdk/src/rp2_common/hardware_timer/timer.c.obj
 .bss.irq_hander_chain_free_slot_head
                0x0000000020000c8d        0x1 CMakeFiles/adc_console.dir/home/preston/Documents/GoodeGpio-Stick/pico/pico-sdk/src/rp2_common/hardware_irq/irq.c.obj
 .bss.timer_callbacks_pending
                0x0000000020000c8e        0x1 CMakeFiles/adc_console.dir/home/preston/Documents/GoodeGpio-Stick/pico/pico-sdk/src/rp2_common/hardware_timer/timer.c.obj
 *(COMMON)
 *fill*         0x0000000020000c8f        0x1 
 COMMON         0x0000000020000c90      0x7d0 CMakeFiles/adc_console.dir/adc_console.c.obj
                0x0000000020000c90                sample_buf
 COMMON         0x0000000020001460        0x4 CMakeFiles/adc_console.dir/home/preston/Documents/GoodeGpio-Stick/pico/pico-sdk/src/rp2_common/hardware_uart/uart.c.obj
                0x0000000020001460                uart_char_to_line_feed
 COMMON         0x0000000020001464      0x100 CMakeFiles/adc_console.dir/home/preston/Documents/GoodeGpio-Stick/pico/pico-sdk/src/rp2_common/pico_double/double_init_rom.c.obj
                0x0000000020001464                sd_table
 COMMON         0x0000000020001564      0x100 CMakeFiles/adc_console.dir/home/preston/Documents/GoodeGpio-Stick/pico/pico-sdk/src/rp2_common/pico_float/float_init_rom.c.obj
                0x0000000020001564                sf_table
 COMMON         0x0000000020001664        0x4 /usr/lib/gcc/arm-none-eabi/6.3.1/../../../arm-none-eabi/lib/thumb/v6-m/libc.a(lib_a-reent.o)
                0x0000000020001664                errno
                0x0000000020001668                . = ALIGN (0x4)
                0x0000000020001668                __bss_end__ = .

.heap           0x0000000020001668      0x800
                0x0000000020001668                __end__ = .
                0x0000000020001668                end = __end__
 *(.heap*)
 .heap          0x0000000020001668      0x800 CMakeFiles/adc_console.dir/home/preston/Documents/GoodeGpio-Stick/pico/pico-sdk/src/rp2_common/pico_standard_link/crt0.S.obj
                0x0000000020001e68                __HeapLimit = .

.stack1_dummy   0x0000000020040000        0x0
 *(.stack1*)

.stack_dummy    0x0000000020041000      0x800
 *(.stack*)
 .stack         0x0000000020041000      0x800 CMakeFiles/adc_console.dir/home/preston/Documents/GoodeGpio-Stick/pico/pico-sdk/src/rp2_common/pico_standard_link/crt0.S.obj

.flash_end      0x0000000010006ce0        0x0
                0x0000000010006ce0                __flash_binary_end = .
                0x0000000020040000                __StackLimit = (ORIGIN (RAM) + LENGTH (RAM))
                0x0000000020041000                __StackOneTop = (ORIGIN (SCRATCH_X) + LENGTH (SCRATCH_X))
                0x0000000020042000                __StackTop = (ORIGIN (SCRATCH_Y) + LENGTH (SCRATCH_Y))
                0x0000000020041000                __StackOneBottom = (__StackOneTop - SIZEOF (.stack1_dummy))
                0x0000000020041800                __StackBottom = (__StackTop - SIZEOF (.stack_dummy))
                0x0000000020042000                PROVIDE (__stack, __StackTop)
                0x0000000000000001                ASSERT ((__StackLimit >= __HeapLimit), region RAM overflowed)
                0x0000000000000001                ASSERT (((__binary_info_header_end - __logical_binary_start) <= 0x100), Binary info must be in first 256 bytes of the binary)
LOAD CMakeFiles/adc_console.dir/adc_console.c.obj
LOAD CMakeFiles/adc_console.dir/home/preston/Documents/GoodeGpio-Stick/pico/pico-sdk/src/rp2_common/pico_stdlib/stdlib.c.obj
LOAD CMakeFiles/adc_console.dir/home/preston/Documents/GoodeGpio-Stick/pico/pico-sdk/src/rp2_common/hardware_gpio/gpio.c.obj
LOAD CMakeFiles/adc_console.dir/home/preston/Documents/GoodeGpio-Stick/pico/pico-sdk/src/rp2_common/hardware_claim/claim.c.obj
LOAD CMakeFiles/adc_console.dir/home/preston/Documents/GoodeGpio-Stick/pico/pico-sdk/src/rp2_common/pico_platform/platform.c.obj
LOAD CMakeFiles/adc_console.dir/home/preston/Documents/GoodeGpio-Stick/pico/pico-sdk/src/rp2_common/hardware_sync/sync.c.obj
LOAD CMakeFiles/adc_console.dir/home/preston/Documents/GoodeGpio-Stick/pico/pico-sdk/src/rp2_common/hardware_uart/uart.c.obj
LOAD CMakeFiles/adc_console.dir/home/preston/Documents/GoodeGpio-Stick/pico/pico-sdk/src/rp2_common/hardware_divider/divider.S.obj
LOAD CMakeFiles/adc_console.dir/home/preston/Documents/GoodeGpio-Stick/pico/pico-sdk/src/common/pico_time/time.c.obj
LOAD CMakeFiles/adc_console.dir/home/preston/Documents/GoodeGpio-Stick/pico/pico-sdk/src/common/pico_time/timeout_helper.c.obj
LOAD CMakeFiles/adc_console.dir/home/preston/Documents/GoodeGpio-Stick/pico/pico-sdk/src/rp2_common/hardware_timer/timer.c.obj
LOAD CMakeFiles/adc_console.dir/home/preston/Documents/GoodeGpio-Stick/pico/pico-sdk/src/common/pico_sync/sem.c.obj
LOAD CMakeFiles/adc_console.dir/home/preston/Documents/GoodeGpio-Stick/pico/pico-sdk/src/common/pico_sync/lock_core.c.obj
LOAD CMakeFiles/adc_console.dir/home/preston/Documents/GoodeGpio-Stick/pico/pico-sdk/src/common/pico_sync/mutex.c.obj
LOAD CMakeFiles/adc_console.dir/home/preston/Documents/GoodeGpio-Stick/pico/pico-sdk/src/common/pico_sync/critical_section.c.obj
LOAD CMakeFiles/adc_console.dir/home/preston/Documents/GoodeGpio-Stick/pico/pico-sdk/src/common/pico_util/datetime.c.obj
LOAD CMakeFiles/adc_console.dir/home/preston/Documents/GoodeGpio-Stick/pico/pico-sdk/src/common/pico_util/pheap.c.obj
LOAD CMakeFiles/adc_console.dir/home/preston/Documents/GoodeGpio-Stick/pico/pico-sdk/src/common/pico_util/queue.c.obj
LOAD CMakeFiles/adc_console.dir/home/preston/Documents/GoodeGpio-Stick/pico/pico-sdk/src/rp2_common/pico_runtime/runtime.c.obj
LOAD CMakeFiles/adc_console.dir/home/preston/Documents/GoodeGpio-Stick/pico/pico-sdk/src/rp2_common/hardware_clocks/clocks.c.obj
LOAD CMakeFiles/adc_console.dir/home/preston/Documents/GoodeGpio-Stick/pico/pico-sdk/src/rp2_common/hardware_irq/irq.c.obj
LOAD CMakeFiles/adc_console.dir/home/preston/Documents/GoodeGpio-Stick/pico/pico-sdk/src/rp2_common/hardware_irq/irq_handler_chain.S.obj
LOAD CMakeFiles/adc_console.dir/home/preston/Documents/GoodeGpio-Stick/pico/pico-sdk/src/rp2_common/hardware_pll/pll.c.obj
LOAD CMakeFiles/adc_console.dir/home/preston/Documents/GoodeGpio-Stick/pico/pico-sdk/src/rp2_common/hardware_vreg/vreg.c.obj
LOAD CMakeFiles/adc_console.dir/home/preston/Documents/GoodeGpio-Stick/pico/pico-sdk/src/rp2_common/hardware_watchdog/watchdog.c.obj
LOAD CMakeFiles/adc_console.dir/home/preston/Documents/GoodeGpio-Stick/pico/pico-sdk/src/rp2_common/hardware_xosc/xosc.c.obj
LOAD CMakeFiles/adc_console.dir/home/preston/Documents/GoodeGpio-Stick/pico/pico-sdk/src/rp2_common/pico_printf/printf.c.obj
LOAD CMakeFiles/adc_console.dir/home/preston/Documents/GoodeGpio-Stick/pico/pico-sdk/src/rp2_common/pico_bit_ops/bit_ops_aeabi.S.obj
LOAD CMakeFiles/adc_console.dir/home/preston/Documents/GoodeGpio-Stick/pico/pico-sdk/src/rp2_common/pico_bootrom/bootrom.c.obj
LOAD CMakeFiles/adc_console.dir/home/preston/Documents/GoodeGpio-Stick/pico/pico-sdk/src/rp2_common/pico_divider/divider.S.obj
LOAD CMakeFiles/adc_console.dir/home/preston/Documents/GoodeGpio-Stick/pico/pico-sdk/src/rp2_common/pico_double/double_aeabi.S.obj
LOAD CMakeFiles/adc_console.dir/home/preston/Documents/GoodeGpio-Stick/pico/pico-sdk/src/rp2_common/pico_double/double_init_rom.c.obj
LOAD CMakeFiles/adc_console.dir/home/preston/Documents/GoodeGpio-Stick/pico/pico-sdk/src/rp2_common/pico_double/double_math.c.obj
LOAD CMakeFiles/adc_console.dir/home/preston/Documents/GoodeGpio-Stick/pico/pico-sdk/src/rp2_common/pico_double/double_v1_rom_shim.S.obj
LOAD CMakeFiles/adc_console.dir/home/preston/Documents/GoodeGpio-Stick/pico/pico-sdk/src/rp2_common/pico_int64_ops/pico_int64_ops_aeabi.S.obj
LOAD CMakeFiles/adc_console.dir/home/preston/Documents/GoodeGpio-Stick/pico/pico-sdk/src/rp2_common/pico_float/float_aeabi.S.obj
LOAD CMakeFiles/adc_console.dir/home/preston/Documents/GoodeGpio-Stick/pico/pico-sdk/src/rp2_common/pico_float/float_init_rom.c.obj
LOAD CMakeFiles/adc_console.dir/home/preston/Documents/GoodeGpio-Stick/pico/pico-sdk/src/rp2_common/pico_float/float_math.c.obj
LOAD CMakeFiles/adc_console.dir/home/preston/Documents/GoodeGpio-Stick/pico/pico-sdk/src/rp2_common/pico_float/float_v1_rom_shim.S.obj
LOAD CMakeFiles/adc_console.dir/home/preston/Documents/GoodeGpio-Stick/pico/pico-sdk/src/rp2_common/pico_malloc/pico_malloc.c.obj
LOAD CMakeFiles/adc_console.dir/home/preston/Documents/GoodeGpio-Stick/pico/pico-sdk/src/rp2_common/pico_mem_ops/mem_ops_aeabi.S.obj
LOAD CMakeFiles/adc_console.dir/home/preston/Documents/GoodeGpio-Stick/pico/pico-sdk/src/rp2_common/pico_standard_link/crt0.S.obj
LOAD CMakeFiles/adc_console.dir/home/preston/Documents/GoodeGpio-Stick/pico/pico-sdk/src/rp2_common/pico_standard_link/new_delete.cpp.obj
LOAD CMakeFiles/adc_console.dir/home/preston/Documents/GoodeGpio-Stick/pico/pico-sdk/src/rp2_common/pico_standard_link/binary_info.c.obj
LOAD CMakeFiles/adc_console.dir/home/preston/Documents/GoodeGpio-Stick/pico/pico-sdk/src/rp2_common/pico_stdio/stdio.c.obj
LOAD CMakeFiles/adc_console.dir/home/preston/Documents/GoodeGpio-Stick/pico/pico-sdk/src/rp2_common/pico_stdio_uart/stdio_uart.c.obj
LOAD CMakeFiles/adc_console.dir/home/preston/Documents/GoodeGpio-Stick/pico/pico-sdk/src/rp2_common/hardware_adc/adc.c.obj
LOAD /tmp/cc5pKMEh.o
LOAD /usr/lib/gcc/arm-none-eabi/6.3.1/../../../arm-none-eabi/lib/thumb/v6-m/libstdc++.a
LOAD /usr/lib/gcc/arm-none-eabi/6.3.1/../../../arm-none-eabi/lib/thumb/v6-m/libm.a
START GROUP
LOAD /usr/lib/gcc/arm-none-eabi/6.3.1/thumb/v6-m/libgcc.a
LOAD /usr/lib/gcc/arm-none-eabi/6.3.1/../../../arm-none-eabi/lib/thumb/v6-m/libc.a
END GROUP
START GROUP
LOAD /usr/lib/gcc/arm-none-eabi/6.3.1/thumb/v6-m/libgcc.a
LOAD /usr/lib/gcc/arm-none-eabi/6.3.1/../../../arm-none-eabi/lib/thumb/v6-m/libc.a
LOAD /usr/lib/gcc/arm-none-eabi/6.3.1/../../../arm-none-eabi/lib/thumb/v6-m/libnosys.a
END GROUP
LOAD /usr/lib/gcc/arm-none-eabi/6.3.1/thumb/v6-m/crtend.o
LOAD /usr/lib/gcc/arm-none-eabi/6.3.1/thumb/v6-m/crtn.o
OUTPUT(adc_console.elf elf32-littlearm)

.ARM.attributes
                0x0000000000000000       0x28
 .ARM.attributes
                0x0000000000000000       0x1e /usr/lib/gcc/arm-none-eabi/6.3.1/thumb/v6-m/crti.o
 .ARM.attributes
                0x000000000000001e       0x2c /usr/lib/gcc/arm-none-eabi/6.3.1/thumb/v6-m/crtbegin.o
 .ARM.attributes
                0x000000000000004a       0x32 CMakeFiles/adc_console.dir/adc_console.c.obj
 .ARM.attributes
                0x000000000000007c       0x32 CMakeFiles/adc_console.dir/home/preston/Documents/GoodeGpio-Stick/pico/pico-sdk/src/rp2_common/hardware_gpio/gpio.c.obj
 .ARM.attributes
                0x00000000000000ae       0x32 CMakeFiles/adc_console.dir/home/preston/Documents/GoodeGpio-Stick/pico/pico-sdk/src/rp2_common/hardware_claim/claim.c.obj
 .ARM.attributes
                0x00000000000000e0       0x32 CMakeFiles/adc_console.dir/home/preston/Documents/GoodeGpio-Stick/pico/pico-sdk/src/rp2_common/pico_platform/platform.c.obj
 .ARM.attributes
                0x0000000000000112       0x32 CMakeFiles/adc_console.dir/home/preston/Documents/GoodeGpio-Stick/pico/pico-sdk/src/rp2_common/hardware_sync/sync.c.obj
 .ARM.attributes
                0x0000000000000144       0x32 CMakeFiles/adc_console.dir/home/preston/Documents/GoodeGpio-Stick/pico/pico-sdk/src/rp2_common/hardware_uart/uart.c.obj
 .ARM.attributes
                0x0000000000000176       0x32 CMakeFiles/adc_console.dir/home/preston/Documents/GoodeGpio-Stick/pico/pico-sdk/src/common/pico_time/time.c.obj
 .ARM.attributes
                0x00000000000001a8       0x32 CMakeFiles/adc_console.dir/home/preston/Documents/GoodeGpio-Stick/pico/pico-sdk/src/rp2_common/hardware_timer/timer.c.obj
 .ARM.attributes
                0x00000000000001da       0x32 CMakeFiles/adc_console.dir/home/preston/Documents/GoodeGpio-Stick/pico/pico-sdk/src/common/pico_sync/lock_core.c.obj
 .ARM.attributes
                0x000000000000020c       0x32 CMakeFiles/adc_console.dir/home/preston/Documents/GoodeGpio-Stick/pico/pico-sdk/src/common/pico_sync/mutex.c.obj
 .ARM.attributes
                0x000000000000023e       0x32 CMakeFiles/adc_console.dir/home/preston/Documents/GoodeGpio-Stick/pico/pico-sdk/src/common/pico_util/pheap.c.obj
 .ARM.attributes
                0x0000000000000270       0x32 CMakeFiles/adc_console.dir/home/preston/Documents/GoodeGpio-Stick/pico/pico-sdk/src/rp2_common/pico_runtime/runtime.c.obj
 .ARM.attributes
                0x00000000000002a2       0x32 CMakeFiles/adc_console.dir/home/preston/Documents/GoodeGpio-Stick/pico/pico-sdk/src/rp2_common/hardware_clocks/clocks.c.obj
 .ARM.attributes
                0x00000000000002d4       0x32 CMakeFiles/adc_console.dir/home/preston/Documents/GoodeGpio-Stick/pico/pico-sdk/src/rp2_common/hardware_irq/irq.c.obj
 .ARM.attributes
                0x0000000000000306       0x22 CMakeFiles/adc_console.dir/home/preston/Documents/GoodeGpio-Stick/pico/pico-sdk/src/rp2_common/hardware_irq/irq_handler_chain.S.obj
 .ARM.attributes
                0x0000000000000328       0x32 CMakeFiles/adc_console.dir/home/preston/Documents/GoodeGpio-Stick/pico/pico-sdk/src/rp2_common/hardware_pll/pll.c.obj
 .ARM.attributes
                0x000000000000035a       0x32 CMakeFiles/adc_console.dir/home/preston/Documents/GoodeGpio-Stick/pico/pico-sdk/src/rp2_common/hardware_watchdog/watchdog.c.obj
 .ARM.attributes
                0x000000000000038c       0x32 CMakeFiles/adc_console.dir/home/preston/Documents/GoodeGpio-Stick/pico/pico-sdk/src/rp2_common/hardware_xosc/xosc.c.obj
 .ARM.attributes
                0x00000000000003be       0x32 CMakeFiles/adc_console.dir/home/preston/Documents/GoodeGpio-Stick/pico/pico-sdk/src/rp2_common/pico_printf/printf.c.obj
 .ARM.attributes
                0x00000000000003f0       0x22 CMakeFiles/adc_console.dir/home/preston/Documents/GoodeGpio-Stick/pico/pico-sdk/src/rp2_common/pico_bit_ops/bit_ops_aeabi.S.obj
 .ARM.attributes
                0x0000000000000412       0x32 CMakeFiles/adc_console.dir/home/preston/Documents/GoodeGpio-Stick/pico/pico-sdk/src/rp2_common/pico_bootrom/bootrom.c.obj
 .ARM.attributes
                0x0000000000000444       0x22 CMakeFiles/adc_console.dir/home/preston/Documents/GoodeGpio-Stick/pico/pico-sdk/src/rp2_common/pico_divider/divider.S.obj
 .ARM.attributes
                0x0000000000000466       0x22 CMakeFiles/adc_console.dir/home/preston/Documents/GoodeGpio-Stick/pico/pico-sdk/src/rp2_common/pico_double/double_aeabi.S.obj
 .ARM.attributes
                0x0000000000000488       0x32 CMakeFiles/adc_console.dir/home/preston/Documents/GoodeGpio-Stick/pico/pico-sdk/src/rp2_common/pico_double/double_init_rom.c.obj
 .ARM.attributes
                0x00000000000004ba       0x22 CMakeFiles/adc_console.dir/home/preston/Documents/GoodeGpio-Stick/pico/pico-sdk/src/rp2_common/pico_double/double_v1_rom_shim.S.obj
 .ARM.attributes
                0x00000000000004dc       0x22 CMakeFiles/adc_console.dir/home/preston/Documents/GoodeGpio-Stick/pico/pico-sdk/src/rp2_common/pico_float/float_aeabi.S.obj
 .ARM.attributes
                0x00000000000004fe       0x32 CMakeFiles/adc_console.dir/home/preston/Documents/GoodeGpio-Stick/pico/pico-sdk/src/rp2_common/pico_float/float_init_rom.c.obj
 .ARM.attributes
                0x0000000000000530       0x22 CMakeFiles/adc_console.dir/home/preston/Documents/GoodeGpio-Stick/pico/pico-sdk/src/rp2_common/pico_float/float_v1_rom_shim.S.obj
 .ARM.attributes
                0x0000000000000552       0x22 CMakeFiles/adc_console.dir/home/preston/Documents/GoodeGpio-Stick/pico/pico-sdk/src/rp2_common/pico_mem_ops/mem_ops_aeabi.S.obj
 .ARM.attributes
                0x0000000000000574       0x22 CMakeFiles/adc_console.dir/home/preston/Documents/GoodeGpio-Stick/pico/pico-sdk/src/rp2_common/pico_standard_link/crt0.S.obj
 .ARM.attributes
                0x0000000000000596       0x32 CMakeFiles/adc_console.dir/home/preston/Documents/GoodeGpio-Stick/pico/pico-sdk/src/rp2_common/pico_standard_link/binary_info.c.obj
 .ARM.attributes
                0x00000000000005c8       0x32 CMakeFiles/adc_console.dir/home/preston/Documents/GoodeGpio-Stick/pico/pico-sdk/src/rp2_common/pico_stdio/stdio.c.obj
 .ARM.attributes
                0x00000000000005fa       0x32 CMakeFiles/adc_console.dir/home/preston/Documents/GoodeGpio-Stick/pico/pico-sdk/src/rp2_common/pico_stdio_uart/stdio_uart.c.obj
 .ARM.attributes
                0x000000000000062c       0x32 CMakeFiles/adc_console.dir/home/preston/Documents/GoodeGpio-Stick/pico/pico-sdk/src/rp2_common/hardware_adc/adc.c.obj
 .ARM.attributes
                0x000000000000065e       0x22 /tmp/cc5pKMEh.o
 .ARM.attributes
                0x0000000000000680       0x1e /usr/lib/gcc/arm-none-eabi/6.3.1/thumb/v6-m/libgcc.a(_dvmd_tls.o)
 .ARM.attributes
                0x000000000000069e       0x2c /usr/lib/gcc/arm-none-eabi/6.3.1/../../../arm-none-eabi/lib/thumb/v6-m/libc.a(lib_a-impure.o)
 .ARM.attributes
                0x00000000000006ca       0x2c /usr/lib/gcc/arm-none-eabi/6.3.1/../../../arm-none-eabi/lib/thumb/v6-m/libc.a(lib_a-mallocr.o)
 .ARM.attributes
                0x00000000000006f6       0x2c /usr/lib/gcc/arm-none-eabi/6.3.1/../../../arm-none-eabi/lib/thumb/v6-m/libc.a(lib_a-mlock.o)
 .ARM.attributes
                0x0000000000000722       0x2c /usr/lib/gcc/arm-none-eabi/6.3.1/../../../arm-none-eabi/lib/thumb/v6-m/libc.a(lib_a-rget.o)
 .ARM.attributes
                0x000000000000074e       0x2c /usr/lib/gcc/arm-none-eabi/6.3.1/../../../arm-none-eabi/lib/thumb/v6-m/libc.a(lib_a-sbrkr.o)
 .ARM.attributes
                0x000000000000077a       0x2c /usr/lib/gcc/arm-none-eabi/6.3.1/../../../arm-none-eabi/lib/thumb/v6-m/libc.a(lib_a-strlen-stub.o)
 .ARM.attributes
                0x00000000000007a6       0x2c /usr/lib/gcc/arm-none-eabi/6.3.1/../../../arm-none-eabi/lib/thumb/v6-m/libc.a(lib_a-wbuf.o)
 .ARM.attributes
                0x00000000000007d2       0x2c /usr/lib/gcc/arm-none-eabi/6.3.1/../../../arm-none-eabi/lib/thumb/v6-m/libc.a(lib_a-wsetup.o)
 .ARM.attributes
                0x00000000000007fe       0x2c /usr/lib/gcc/arm-none-eabi/6.3.1/../../../arm-none-eabi/lib/thumb/v6-m/libc.a(lib_a-fflush.o)
 .ARM.attributes
                0x000000000000082a       0x2c /usr/lib/gcc/arm-none-eabi/6.3.1/../../../arm-none-eabi/lib/thumb/v6-m/libc.a(lib_a-findfp.o)
 .ARM.attributes
                0x0000000000000856       0x2c /usr/lib/gcc/arm-none-eabi/6.3.1/../../../arm-none-eabi/lib/thumb/v6-m/libc.a(lib_a-freer.o)
 .ARM.attributes
                0x0000000000000882       0x2c /usr/lib/gcc/arm-none-eabi/6.3.1/../../../arm-none-eabi/lib/thumb/v6-m/libc.a(lib_a-fwalk.o)
 .ARM.attributes
                0x00000000000008ae       0x2c /usr/lib/gcc/arm-none-eabi/6.3.1/../../../arm-none-eabi/lib/thumb/v6-m/libc.a(lib_a-makebuf.o)
 .ARM.attributes
                0x00000000000008da       0x2c /usr/lib/gcc/arm-none-eabi/6.3.1/../../../arm-none-eabi/lib/thumb/v6-m/libc.a(lib_a-reent.o)
 .ARM.attributes
                0x0000000000000906       0x2c /usr/lib/gcc/arm-none-eabi/6.3.1/../../../arm-none-eabi/lib/thumb/v6-m/libc.a(lib_a-refill.o)
 .ARM.attributes
                0x0000000000000932       0x2c /usr/lib/gcc/arm-none-eabi/6.3.1/../../../arm-none-eabi/lib/thumb/v6-m/libc.a(lib_a-stdio.o)
 .ARM.attributes
                0x000000000000095e       0x2c /usr/lib/gcc/arm-none-eabi/6.3.1/../../../arm-none-eabi/lib/thumb/v6-m/libc.a(lib_a-writer.o)
 .ARM.attributes
                0x000000000000098a       0x2c /usr/lib/gcc/arm-none-eabi/6.3.1/../../../arm-none-eabi/lib/thumb/v6-m/libc.a(lib_a-closer.o)
 .ARM.attributes
                0x00000000000009b6       0x2c /usr/lib/gcc/arm-none-eabi/6.3.1/../../../arm-none-eabi/lib/thumb/v6-m/libc.a(lib_a-fclose.o)
 .ARM.attributes
                0x00000000000009e2       0x2c /usr/lib/gcc/arm-none-eabi/6.3.1/../../../arm-none-eabi/lib/thumb/v6-m/libc.a(lib_a-fstatr.o)
 .ARM.attributes
                0x0000000000000a0e       0x2c /usr/lib/gcc/arm-none-eabi/6.3.1/../../../arm-none-eabi/lib/thumb/v6-m/libc.a(lib_a-isattyr.o)
 .ARM.attributes
                0x0000000000000a3a       0x2c /usr/lib/gcc/arm-none-eabi/6.3.1/../../../arm-none-eabi/lib/thumb/v6-m/libc.a(lib_a-lseekr.o)
 .ARM.attributes
                0x0000000000000a66       0x2c /usr/lib/gcc/arm-none-eabi/6.3.1/../../../arm-none-eabi/lib/thumb/v6-m/libc.a(lib_a-readr.o)
 .ARM.attributes
                0x0000000000000a92       0x2c /usr/lib/gcc/arm-none-eabi/6.3.1/../../../arm-none-eabi/lib/thumb/v6-m/libnosys.a(close.o)
 .ARM.attributes
                0x0000000000000abe       0x2c /usr/lib/gcc/arm-none-eabi/6.3.1/../../../arm-none-eabi/lib/thumb/v6-m/libnosys.a(fstat.o)
 .ARM.attributes
                0x0000000000000aea       0x2c /usr/lib/gcc/arm-none-eabi/6.3.1/../../../arm-none-eabi/lib/thumb/v6-m/libnosys.a(isatty.o)
 .ARM.attributes
                0x0000000000000b16       0x2c /usr/lib/gcc/arm-none-eabi/6.3.1/../../../arm-none-eabi/lib/thumb/v6-m/libnosys.a(lseek.o)
 .ARM.attributes
                0x0000000000000b42       0x2c /usr/lib/gcc/arm-none-eabi/6.3.1/thumb/v6-m/crtend.o

.comment        0x0000000000000000       0x31
 .comment       0x0000000000000000       0x31 /usr/lib/gcc/arm-none-eabi/6.3.1/thumb/v6-m/crtbegin.o
                                         0x32 (size before relaxing)
 .comment       0x0000000000000031       0x32 CMakeFiles/adc_console.dir/adc_console.c.obj
 .comment       0x0000000000000031       0x32 CMakeFiles/adc_console.dir/home/preston/Documents/GoodeGpio-Stick/pico/pico-sdk/src/rp2_common/hardware_gpio/gpio.c.obj
 .comment       0x0000000000000031       0x32 CMakeFiles/adc_console.dir/home/preston/Documents/GoodeGpio-Stick/pico/pico-sdk/src/rp2_common/hardware_claim/claim.c.obj
 .comment       0x0000000000000031       0x32 CMakeFiles/adc_console.dir/home/preston/Documents/GoodeGpio-Stick/pico/pico-sdk/src/rp2_common/pico_platform/platform.c.obj
 .comment       0x0000000000000031       0x32 CMakeFiles/adc_console.dir/home/preston/Documents/GoodeGpio-Stick/pico/pico-sdk/src/rp2_common/hardware_sync/sync.c.obj
 .comment       0x0000000000000031       0x32 CMakeFiles/adc_console.dir/home/preston/Documents/GoodeGpio-Stick/pico/pico-sdk/src/rp2_common/hardware_uart/uart.c.obj
 .comment       0x0000000000000031       0x32 CMakeFiles/adc_console.dir/home/preston/Documents/GoodeGpio-Stick/pico/pico-sdk/src/common/pico_time/time.c.obj
 .comment       0x0000000000000031       0x32 CMakeFiles/adc_console.dir/home/preston/Documents/GoodeGpio-Stick/pico/pico-sdk/src/rp2_common/hardware_timer/timer.c.obj
 .comment       0x0000000000000031       0x32 CMakeFiles/adc_console.dir/home/preston/Documents/GoodeGpio-Stick/pico/pico-sdk/src/common/pico_sync/lock_core.c.obj
 .comment       0x0000000000000031       0x32 CMakeFiles/adc_console.dir/home/preston/Documents/GoodeGpio-Stick/pico/pico-sdk/src/common/pico_sync/mutex.c.obj
 .comment       0x0000000000000031       0x32 CMakeFiles/adc_console.dir/home/preston/Documents/GoodeGpio-Stick/pico/pico-sdk/src/common/pico_util/pheap.c.obj
 .comment       0x0000000000000031       0x32 CMakeFiles/adc_console.dir/home/preston/Documents/GoodeGpio-Stick/pico/pico-sdk/src/rp2_common/pico_runtime/runtime.c.obj
 .comment       0x0000000000000031       0x32 CMakeFiles/adc_console.dir/home/preston/Documents/GoodeGpio-Stick/pico/pico-sdk/src/rp2_common/hardware_clocks/clocks.c.obj
 .comment       0x0000000000000031       0x32 CMakeFiles/adc_console.dir/home/preston/Documents/GoodeGpio-Stick/pico/pico-sdk/src/rp2_common/hardware_irq/irq.c.obj
 .comment       0x0000000000000031       0x32 CMakeFiles/adc_console.dir/home/preston/Documents/GoodeGpio-Stick/pico/pico-sdk/src/rp2_common/hardware_pll/pll.c.obj
 .comment       0x0000000000000031       0x32 CMakeFiles/adc_console.dir/home/preston/Documents/GoodeGpio-Stick/pico/pico-sdk/src/rp2_common/hardware_watchdog/watchdog.c.obj
 .comment       0x0000000000000031       0x32 CMakeFiles/adc_console.dir/home/preston/Documents/GoodeGpio-Stick/pico/pico-sdk/src/rp2_common/hardware_xosc/xosc.c.obj
 .comment       0x0000000000000031       0x32 CMakeFiles/adc_console.dir/home/preston/Documents/GoodeGpio-Stick/pico/pico-sdk/src/rp2_common/pico_printf/printf.c.obj
 .comment       0x0000000000000031       0x32 CMakeFiles/adc_console.dir/home/preston/Documents/GoodeGpio-Stick/pico/pico-sdk/src/rp2_common/pico_bootrom/bootrom.c.obj
 .comment       0x0000000000000031       0x32 CMakeFiles/adc_console.dir/home/preston/Documents/GoodeGpio-Stick/pico/pico-sdk/src/rp2_common/pico_double/double_init_rom.c.obj
 .comment       0x0000000000000031       0x32 CMakeFiles/adc_console.dir/home/preston/Documents/GoodeGpio-Stick/pico/pico-sdk/src/rp2_common/pico_float/float_init_rom.c.obj
 .comment       0x0000000000000031       0x32 CMakeFiles/adc_console.dir/home/preston/Documents/GoodeGpio-Stick/pico/pico-sdk/src/rp2_common/pico_standard_link/binary_info.c.obj
 .comment       0x0000000000000031       0x32 CMakeFiles/adc_console.dir/home/preston/Documents/GoodeGpio-Stick/pico/pico-sdk/src/rp2_common/pico_stdio/stdio.c.obj
 .comment       0x0000000000000031       0x32 CMakeFiles/adc_console.dir/home/preston/Documents/GoodeGpio-Stick/pico/pico-sdk/src/rp2_common/pico_stdio_uart/stdio_uart.c.obj
 .comment       0x0000000000000031       0x32 CMakeFiles/adc_console.dir/home/preston/Documents/GoodeGpio-Stick/pico/pico-sdk/src/rp2_common/hardware_adc/adc.c.obj
 .comment       0x0000000000000031       0x32 /usr/lib/gcc/arm-none-eabi/6.3.1/../../../arm-none-eabi/lib/thumb/v6-m/libc.a(lib_a-impure.o)
 .comment       0x0000000000000031       0x32 /usr/lib/gcc/arm-none-eabi/6.3.1/../../../arm-none-eabi/lib/thumb/v6-m/libc.a(lib_a-mallocr.o)
 .comment       0x0000000000000031       0x32 /usr/lib/gcc/arm-none-eabi/6.3.1/../../../arm-none-eabi/lib/thumb/v6-m/libc.a(lib_a-mlock.o)
 .comment       0x0000000000000031       0x32 /usr/lib/gcc/arm-none-eabi/6.3.1/../../../arm-none-eabi/lib/thumb/v6-m/libc.a(lib_a-rget.o)
 .comment       0x0000000000000031       0x32 /usr/lib/gcc/arm-none-eabi/6.3.1/../../../arm-none-eabi/lib/thumb/v6-m/libc.a(lib_a-sbrkr.o)
 .comment       0x0000000000000031       0x32 /usr/lib/gcc/arm-none-eabi/6.3.1/../../../arm-none-eabi/lib/thumb/v6-m/libc.a(lib_a-strlen-stub.o)
 .comment       0x0000000000000031       0x32 /usr/lib/gcc/arm-none-eabi/6.3.1/../../../arm-none-eabi/lib/thumb/v6-m/libc.a(lib_a-wbuf.o)
 .comment       0x0000000000000031       0x32 /usr/lib/gcc/arm-none-eabi/6.3.1/../../../arm-none-eabi/lib/thumb/v6-m/libc.a(lib_a-wsetup.o)
 .comment       0x0000000000000031       0x32 /usr/lib/gcc/arm-none-eabi/6.3.1/../../../arm-none-eabi/lib/thumb/v6-m/libc.a(lib_a-fflush.o)
 .comment       0x0000000000000031       0x32 /usr/lib/gcc/arm-none-eabi/6.3.1/../../../arm-none-eabi/lib/thumb/v6-m/libc.a(lib_a-findfp.o)
 .comment       0x0000000000000031       0x32 /usr/lib/gcc/arm-none-eabi/6.3.1/../../../arm-none-eabi/lib/thumb/v6-m/libc.a(lib_a-freer.o)
 .comment       0x0000000000000031       0x32 /usr/lib/gcc/arm-none-eabi/6.3.1/../../../arm-none-eabi/lib/thumb/v6-m/libc.a(lib_a-fwalk.o)
 .comment       0x0000000000000031       0x32 /usr/lib/gcc/arm-none-eabi/6.3.1/../../../arm-none-eabi/lib/thumb/v6-m/libc.a(lib_a-makebuf.o)
 .comment       0x0000000000000031       0x32 /usr/lib/gcc/arm-none-eabi/6.3.1/../../../arm-none-eabi/lib/thumb/v6-m/libc.a(lib_a-reent.o)
 .comment       0x0000000000000031       0x32 /usr/lib/gcc/arm-none-eabi/6.3.1/../../../arm-none-eabi/lib/thumb/v6-m/libc.a(lib_a-refill.o)
 .comment       0x0000000000000031       0x32 /usr/lib/gcc/arm-none-eabi/6.3.1/../../../arm-none-eabi/lib/thumb/v6-m/libc.a(lib_a-stdio.o)
 .comment       0x0000000000000031       0x32 /usr/lib/gcc/arm-none-eabi/6.3.1/../../../arm-none-eabi/lib/thumb/v6-m/libc.a(lib_a-writer.o)
 .comment       0x0000000000000031       0x32 /usr/lib/gcc/arm-none-eabi/6.3.1/../../../arm-none-eabi/lib/thumb/v6-m/libc.a(lib_a-closer.o)
 .comment       0x0000000000000031       0x32 /usr/lib/gcc/arm-none-eabi/6.3.1/../../../arm-none-eabi/lib/thumb/v6-m/libc.a(lib_a-fclose.o)
 .comment       0x0000000000000031       0x32 /usr/lib/gcc/arm-none-eabi/6.3.1/../../../arm-none-eabi/lib/thumb/v6-m/libc.a(lib_a-fstatr.o)
 .comment       0x0000000000000031       0x32 /usr/lib/gcc/arm-none-eabi/6.3.1/../../../arm-none-eabi/lib/thumb/v6-m/libc.a(lib_a-isattyr.o)
 .comment       0x0000000000000031       0x32 /usr/lib/gcc/arm-none-eabi/6.3.1/../../../arm-none-eabi/lib/thumb/v6-m/libc.a(lib_a-lseekr.o)
 .comment       0x0000000000000031       0x32 /usr/lib/gcc/arm-none-eabi/6.3.1/../../../arm-none-eabi/lib/thumb/v6-m/libc.a(lib_a-readr.o)
 .comment       0x0000000000000031       0x32 /usr/lib/gcc/arm-none-eabi/6.3.1/../../../arm-none-eabi/lib/thumb/v6-m/libnosys.a(close.o)
 .comment       0x0000000000000031       0x32 /usr/lib/gcc/arm-none-eabi/6.3.1/../../../arm-none-eabi/lib/thumb/v6-m/libnosys.a(fstat.o)
 .comment       0x0000000000000031       0x32 /usr/lib/gcc/arm-none-eabi/6.3.1/../../../arm-none-eabi/lib/thumb/v6-m/libnosys.a(isatty.o)
 .comment       0x0000000000000031       0x32 /usr/lib/gcc/arm-none-eabi/6.3.1/../../../arm-none-eabi/lib/thumb/v6-m/libnosys.a(lseek.o)
 .comment       0x0000000000000031       0x32 /usr/lib/gcc/arm-none-eabi/6.3.1/thumb/v6-m/crtend.o

.debug_line     0x0000000000000000     0x2d0d
 .debug_line    0x0000000000000000       0x61 /usr/lib/gcc/arm-none-eabi/6.3.1/thumb/v6-m/libgcc.a(_dvmd_tls.o)
 .debug_line    0x0000000000000061       0xe9 /usr/lib/gcc/arm-none-eabi/6.3.1/../../../arm-none-eabi/lib/thumb/v6-m/libc.a(lib_a-impure.o)
 .debug_line    0x000000000000014a      0x38b /usr/lib/gcc/arm-none-eabi/6.3.1/../../../arm-none-eabi/lib/thumb/v6-m/libc.a(lib_a-mallocr.o)
 .debug_line    0x00000000000004d5       0xf9 /usr/lib/gcc/arm-none-eabi/6.3.1/../../../arm-none-eabi/lib/thumb/v6-m/libc.a(lib_a-mlock.o)
 .debug_line    0x00000000000005ce      0x18a /usr/lib/gcc/arm-none-eabi/6.3.1/../../../arm-none-eabi/lib/thumb/v6-m/libc.a(lib_a-rget.o)
 .debug_line    0x0000000000000758      0x15b /usr/lib/gcc/arm-none-eabi/6.3.1/../../../arm-none-eabi/lib/thumb/v6-m/libc.a(lib_a-sbrkr.o)
 .debug_line    0x00000000000008b3      0x170 /usr/lib/gcc/arm-none-eabi/6.3.1/../../../arm-none-eabi/lib/thumb/v6-m/libc.a(lib_a-strlen-stub.o)
 .debug_line    0x0000000000000a23      0x1d7 /usr/lib/gcc/arm-none-eabi/6.3.1/../../../arm-none-eabi/lib/thumb/v6-m/libc.a(lib_a-wbuf.o)
 .debug_line    0x0000000000000bfa      0x1dd /usr/lib/gcc/arm-none-eabi/6.3.1/../../../arm-none-eabi/lib/thumb/v6-m/libc.a(lib_a-wsetup.o)
 .debug_line    0x0000000000000dd7      0x23b /usr/lib/gcc/arm-none-eabi/6.3.1/../../../arm-none-eabi/lib/thumb/v6-m/libc.a(lib_a-fflush.o)
 .debug_line    0x0000000000001012      0x28a /usr/lib/gcc/arm-none-eabi/6.3.1/../../../arm-none-eabi/lib/thumb/v6-m/libc.a(lib_a-findfp.o)
 .debug_line    0x000000000000129c      0x236 /usr/lib/gcc/arm-none-eabi/6.3.1/../../../arm-none-eabi/lib/thumb/v6-m/libc.a(lib_a-freer.o)
 .debug_line    0x00000000000014d2      0x1b9 /usr/lib/gcc/arm-none-eabi/6.3.1/../../../arm-none-eabi/lib/thumb/v6-m/libc.a(lib_a-fwalk.o)
 .debug_line    0x000000000000168b      0x24f /usr/lib/gcc/arm-none-eabi/6.3.1/../../../arm-none-eabi/lib/thumb/v6-m/libc.a(lib_a-makebuf.o)
 .debug_line    0x00000000000018da      0x17a /usr/lib/gcc/arm-none-eabi/6.3.1/../../../arm-none-eabi/lib/thumb/v6-m/libc.a(lib_a-reent.o)
 .debug_line    0x0000000000001a54      0x1eb /usr/lib/gcc/arm-none-eabi/6.3.1/../../../arm-none-eabi/lib/thumb/v6-m/libc.a(lib_a-refill.o)
 .debug_line    0x0000000000001c3f      0x1b1 /usr/lib/gcc/arm-none-eabi/6.3.1/../../../arm-none-eabi/lib/thumb/v6-m/libc.a(lib_a-stdio.o)
 .debug_line    0x0000000000001df0      0x159 /usr/lib/gcc/arm-none-eabi/6.3.1/../../../arm-none-eabi/lib/thumb/v6-m/libc.a(lib_a-writer.o)
 .debug_line    0x0000000000001f49      0x15d /usr/lib/gcc/arm-none-eabi/6.3.1/../../../arm-none-eabi/lib/thumb/v6-m/libc.a(lib_a-closer.o)
 .debug_line    0x00000000000020a6      0x199 /usr/lib/gcc/arm-none-eabi/6.3.1/../../../arm-none-eabi/lib/thumb/v6-m/libc.a(lib_a-fclose.o)
 .debug_line    0x000000000000223f      0x1e5 /usr/lib/gcc/arm-none-eabi/6.3.1/../../../arm-none-eabi/lib/thumb/v6-m/libc.a(lib_a-fstatr.o)
 .debug_line    0x0000000000002424      0x15e /usr/lib/gcc/arm-none-eabi/6.3.1/../../../arm-none-eabi/lib/thumb/v6-m/libc.a(lib_a-isattyr.o)
 .debug_line    0x0000000000002582      0x159 /usr/lib/gcc/arm-none-eabi/6.3.1/../../../arm-none-eabi/lib/thumb/v6-m/libc.a(lib_a-lseekr.o)
 .debug_line    0x00000000000026db      0x158 /usr/lib/gcc/arm-none-eabi/6.3.1/../../../arm-none-eabi/lib/thumb/v6-m/libc.a(lib_a-readr.o)
 .debug_line    0x0000000000002833      0x105 /usr/lib/gcc/arm-none-eabi/6.3.1/../../../arm-none-eabi/lib/thumb/v6-m/libnosys.a(close.o)
 .debug_line    0x0000000000002938      0x1cc /usr/lib/gcc/arm-none-eabi/6.3.1/../../../arm-none-eabi/lib/thumb/v6-m/libnosys.a(fstat.o)
 .debug_line    0x0000000000002b04      0x104 /usr/lib/gcc/arm-none-eabi/6.3.1/../../../arm-none-eabi/lib/thumb/v6-m/libnosys.a(isatty.o)
 .debug_line    0x0000000000002c08      0x105 /usr/lib/gcc/arm-none-eabi/6.3.1/../../../arm-none-eabi/lib/thumb/v6-m/libnosys.a(lseek.o)

.debug_info     0x0000000000000000    0x12781
 .debug_info    0x0000000000000000       0xbf /usr/lib/gcc/arm-none-eabi/6.3.1/thumb/v6-m/libgcc.a(_dvmd_tls.o)
 .debug_info    0x00000000000000bf      0x8a5 /usr/lib/gcc/arm-none-eabi/6.3.1/../../../arm-none-eabi/lib/thumb/v6-m/libc.a(lib_a-impure.o)
 .debug_info    0x0000000000000964      0xdd4 /usr/lib/gcc/arm-none-eabi/6.3.1/../../../arm-none-eabi/lib/thumb/v6-m/libc.a(lib_a-mallocr.o)
 .debug_info    0x0000000000001738      0x8d8 /usr/lib/gcc/arm-none-eabi/6.3.1/../../../arm-none-eabi/lib/thumb/v6-m/libc.a(lib_a-mlock.o)
 .debug_info    0x0000000000002010      0xb60 /usr/lib/gcc/arm-none-eabi/6.3.1/../../../arm-none-eabi/lib/thumb/v6-m/libc.a(lib_a-rget.o)
 .debug_info    0x0000000000002b70      0x95a /usr/lib/gcc/arm-none-eabi/6.3.1/../../../arm-none-eabi/lib/thumb/v6-m/libc.a(lib_a-sbrkr.o)
 .debug_info    0x00000000000034ca      0x8de /usr/lib/gcc/arm-none-eabi/6.3.1/../../../arm-none-eabi/lib/thumb/v6-m/libc.a(lib_a-strlen-stub.o)
 .debug_info    0x0000000000003da8      0xbce /usr/lib/gcc/arm-none-eabi/6.3.1/../../../arm-none-eabi/lib/thumb/v6-m/libc.a(lib_a-wbuf.o)
 .debug_info    0x0000000000004976      0xb46 /usr/lib/gcc/arm-none-eabi/6.3.1/../../../arm-none-eabi/lib/thumb/v6-m/libc.a(lib_a-wsetup.o)
 .debug_info    0x00000000000054bc      0xc9d /usr/lib/gcc/arm-none-eabi/6.3.1/../../../arm-none-eabi/lib/thumb/v6-m/libc.a(lib_a-fflush.o)
 .debug_info    0x0000000000006159      0xfa1 /usr/lib/gcc/arm-none-eabi/6.3.1/../../../arm-none-eabi/lib/thumb/v6-m/libc.a(lib_a-findfp.o)
 .debug_info    0x00000000000070fa      0xc93 /usr/lib/gcc/arm-none-eabi/6.3.1/../../../arm-none-eabi/lib/thumb/v6-m/libc.a(lib_a-freer.o)